Archive member included because of file (symbol)

C:/Freescale/CW MCU v11.0/MCU/ARM_GCC_Support/ewl/lib/armv6-m\libc.a(sprintf.o)
                              ./Sources/main.o (sprintf)
C:/Freescale/CW MCU v11.0/MCU/ARM_GCC_Support/ewl/lib/armv6-m\libc.a(exit.o)
                              ./Project_Settings/Startup_Code/__arm_start.o (exit)
C:/Freescale/CW MCU v11.0/MCU/ARM_GCC_Support/ewl/lib/armv6-m\libc.a(memset.o)
                              ./Project_Settings/Startup_Code/__arm_start.o (memset)
C:/Freescale/CW MCU v11.0/MCU/ARM_GCC_Support/ewl/lib/armv6-m\libc.a(__filll_mem.o)
                              C:/Freescale/CW MCU v11.0/MCU/ARM_GCC_Support/ewl/lib/armv6-m\libc.a(memset.o) (__fill_mem)
C:/Freescale/CW MCU v11.0/MCU/ARM_GCC_Support/ewl/lib/armv6-m\libc.a(printformat_.o)
                              (__pformatter_)
C:/Freescale/CW MCU v11.0/MCU/ARM_GCC_Support/ewl/lib/armv6-m\libc.a(scanformat_.o)
                              (__sformatter)
C:/Freescale/CW MCU v11.0/MCU/ARM_GCC_Support/ewl/lib/armv6-m\libc.a(ctype_aeabi.o)
                              C:/Freescale/CW MCU v11.0/MCU/ARM_GCC_Support/ewl/lib/armv6-m\libc.a(scanformat_.o) (isspace)
C:/Freescale/CW MCU v11.0/MCU/ARM_GCC_Support/ewl/lib/armv6-m\libc.a(vsnprintf.o)
                              C:/Freescale/CW MCU v11.0/MCU/ARM_GCC_Support/ewl/lib/armv6-m\libc.a(sprintf.o) (vsnprintf)
C:/Freescale/CW MCU v11.0/MCU/ARM_GCC_Support/ewl/lib/armv6-m\libc.a(__strtoul.o)
                              C:/Freescale/CW MCU v11.0/MCU/ARM_GCC_Support/ewl/lib/armv6-m\libc.a(scanformat_.o) (__strtoul)
C:/Freescale/CW MCU v11.0/MCU/ARM_GCC_Support/ewl/lib/armv6-m\libc.a(strchr.o)
                              C:/Freescale/CW MCU v11.0/MCU/ARM_GCC_Support/ewl/lib/armv6-m\libc.a(printformat_.o) (strchr)
C:/Freescale/CW MCU v11.0/MCU/ARM_GCC_Support/ewl/lib/armv6-m\libc.a(memcpy.o)
                              C:/Freescale/CW MCU v11.0/MCU/ARM_GCC_Support/ewl/lib/armv6-m\libc.a(scanformat_.o) (memcpy)
C:/Freescale/CW MCU v11.0/MCU/ARM_GCC_Support/ewl/lib/armv6-m\libc.a(strlen.o)
                              C:/Freescale/CW MCU v11.0/MCU/ARM_GCC_Support/ewl/lib/armv6-m\libc.a(printformat_.o) (strlen)
C:/Freescale/CW MCU v11.0/MCU/ARM_GCC_Support/ewl/lib/armv6-m\libc.a(memchr.o)
                              C:/Freescale/CW MCU v11.0/MCU/ARM_GCC_Support/ewl/lib/armv6-m\libc.a(printformat_.o) (memchr)
c:/freescale/cw mcu v11.0/cross_tools/arm-none-eabi-gcc-4_7_3/bin/../lib/gcc/arm-none-eabi/4.7.3/armv6-m\libgcc.a(_thumb1_case_sqi.o)
                              C:/Freescale/CW MCU v11.0/MCU/ARM_GCC_Support/ewl/lib/armv6-m\libc.a(__strtoul.o) (__gnu_thumb1_case_sqi)
c:/freescale/cw mcu v11.0/cross_tools/arm-none-eabi-gcc-4_7_3/bin/../lib/gcc/arm-none-eabi/4.7.3/armv6-m\libgcc.a(_thumb1_case_uqi.o)
                              C:/Freescale/CW MCU v11.0/MCU/ARM_GCC_Support/ewl/lib/armv6-m\libc.a(scanformat_.o) (__gnu_thumb1_case_uqi)
c:/freescale/cw mcu v11.0/cross_tools/arm-none-eabi-gcc-4_7_3/bin/../lib/gcc/arm-none-eabi/4.7.3/armv6-m\libgcc.a(_udivsi3.o)
                              ./Sources/mcg.o (__aeabi_uidiv)
c:/freescale/cw mcu v11.0/cross_tools/arm-none-eabi-gcc-4_7_3/bin/../lib/gcc/arm-none-eabi/4.7.3/armv6-m\libgcc.a(_divsi3.o)
                              ./Sources/mcg.o (__aeabi_idiv)
c:/freescale/cw mcu v11.0/cross_tools/arm-none-eabi-gcc-4_7_3/bin/../lib/gcc/arm-none-eabi/4.7.3/armv6-m\libgcc.a(_dvmd_tls.o)
                              c:/freescale/cw mcu v11.0/cross_tools/arm-none-eabi-gcc-4_7_3/bin/../lib/gcc/arm-none-eabi/4.7.3/armv6-m\libgcc.a(_udivsi3.o) (__aeabi_idiv0)
c:/freescale/cw mcu v11.0/cross_tools/arm-none-eabi-gcc-4_7_3/bin/../lib/gcc/arm-none-eabi/4.7.3/armv6-m\libgcc.a(_fixunssfsi.o)
                              ./Sources/mcg.o (__aeabi_f2uiz)
c:/freescale/cw mcu v11.0/cross_tools/arm-none-eabi-gcc-4_7_3/bin/../lib/gcc/arm-none-eabi/4.7.3/armv6-m\libgcc.a(divsf3.o)
                              ./Sources/mcg.o (__aeabi_fdiv)
c:/freescale/cw mcu v11.0/cross_tools/arm-none-eabi-gcc-4_7_3/bin/../lib/gcc/arm-none-eabi/4.7.3/armv6-m\libgcc.a(mulsf3.o)
                              ./Sources/mcg.o (__aeabi_fmul)
c:/freescale/cw mcu v11.0/cross_tools/arm-none-eabi-gcc-4_7_3/bin/../lib/gcc/arm-none-eabi/4.7.3/armv6-m\libgcc.a(subsf3.o)
                              c:/freescale/cw mcu v11.0/cross_tools/arm-none-eabi-gcc-4_7_3/bin/../lib/gcc/arm-none-eabi/4.7.3/armv6-m\libgcc.a(_fixunssfsi.o) (__aeabi_fsub)
c:/freescale/cw mcu v11.0/cross_tools/arm-none-eabi-gcc-4_7_3/bin/../lib/gcc/arm-none-eabi/4.7.3/armv6-m\libgcc.a(fixsfsi.o)
                              c:/freescale/cw mcu v11.0/cross_tools/arm-none-eabi-gcc-4_7_3/bin/../lib/gcc/arm-none-eabi/4.7.3/armv6-m\libgcc.a(_fixunssfsi.o) (__aeabi_f2iz)
c:/freescale/cw mcu v11.0/cross_tools/arm-none-eabi-gcc-4_7_3/bin/../lib/gcc/arm-none-eabi/4.7.3/armv6-m\libgcc.a(floatsisf.o)
                              ./Sources/mcg.o (__aeabi_i2f)
c:/freescale/cw mcu v11.0/cross_tools/arm-none-eabi-gcc-4_7_3/bin/../lib/gcc/arm-none-eabi/4.7.3/armv6-m\libgcc.a(_arm_cmpsf2.o)
                              c:/freescale/cw mcu v11.0/cross_tools/arm-none-eabi-gcc-4_7_3/bin/../lib/gcc/arm-none-eabi/4.7.3/armv6-m\libgcc.a(_fixunssfsi.o) (__aeabi_fcmpge)
c:/freescale/cw mcu v11.0/cross_tools/arm-none-eabi-gcc-4_7_3/bin/../lib/gcc/arm-none-eabi/4.7.3/armv6-m\libgcc.a(_clzsi2.o)
                              c:/freescale/cw mcu v11.0/cross_tools/arm-none-eabi-gcc-4_7_3/bin/../lib/gcc/arm-none-eabi/4.7.3/armv6-m\libgcc.a(divsf3.o) (__clzsi2)
c:/freescale/cw mcu v11.0/cross_tools/arm-none-eabi-gcc-4_7_3/bin/../lib/gcc/arm-none-eabi/4.7.3/armv6-m\libgcc.a(eqsf2.o)
                              c:/freescale/cw mcu v11.0/cross_tools/arm-none-eabi-gcc-4_7_3/bin/../lib/gcc/arm-none-eabi/4.7.3/armv6-m\libgcc.a(_arm_cmpsf2.o) (__eqsf2)
c:/freescale/cw mcu v11.0/cross_tools/arm-none-eabi-gcc-4_7_3/bin/../lib/gcc/arm-none-eabi/4.7.3/armv6-m\libgcc.a(gesf2.o)
                              c:/freescale/cw mcu v11.0/cross_tools/arm-none-eabi-gcc-4_7_3/bin/../lib/gcc/arm-none-eabi/4.7.3/armv6-m\libgcc.a(_arm_cmpsf2.o) (__gesf2)
c:/freescale/cw mcu v11.0/cross_tools/arm-none-eabi-gcc-4_7_3/bin/../lib/gcc/arm-none-eabi/4.7.3/armv6-m\libgcc.a(lesf2.o)
                              c:/freescale/cw mcu v11.0/cross_tools/arm-none-eabi-gcc-4_7_3/bin/../lib/gcc/arm-none-eabi/4.7.3/armv6-m\libgcc.a(_arm_cmpsf2.o) (__lesf2)
C:/Freescale/CW MCU v11.0/MCU/ARM_GCC_Support/ewl/lib/armv6-m\librt.a(gcc_ctor_dtor.o)
                              ./Project_Settings/Startup_Code/__arm_start.o (__init_cpp)
C:/Freescale/CW MCU v11.0/MCU/ARM_GCC_Support/ewl/lib/armv6-m\librt.a(__arm_eabi_init.o)
                              C:/Freescale/CW MCU v11.0/MCU/ARM_GCC_Support/ewl/lib/armv6-m\libc.a(exit.o) (__destroy_global_chain)
C:/Freescale/CW MCU v11.0/MCU/ARM_GCC_Support/ewl/lib/armv6-m\librt.a(ROMCopy.o)
                              ./Project_Settings/Startup_Code/__arm_start.o (__copy_rom_sections_to_ram)

Allocating common symbols
Common symbol       size              file

drs_val             0x1               ./Sources/mcg.o
dmx32_val           0x1               ./Sources/mcg.o

Discarded input sections

 .text          0x00000000        0x0 ./Project_Settings/Startup_Code/kinetis_sysinit.o
 .data          0x00000000        0x0 ./Project_Settings/Startup_Code/kinetis_sysinit.o
 .bss           0x00000000        0x0 ./Project_Settings/Startup_Code/kinetis_sysinit.o
 .text          0x00000000        0x0 ./Project_Settings/Startup_Code/__arm_start.o
 .data          0x00000000        0x0 ./Project_Settings/Startup_Code/__arm_start.o
 .bss           0x00000000        0x0 ./Project_Settings/Startup_Code/__arm_start.o
 .text.__iar_program_start
                0x00000000        0x4 ./Project_Settings/Startup_Code/__arm_start.o
 .text          0x00000000        0x0 ./Project_Settings/Startup_Code/__arm_end.o
 .data          0x00000000        0x0 ./Project_Settings/Startup_Code/__arm_end.o
 .bss           0x00000000        0x0 ./Project_Settings/Startup_Code/__arm_end.o
 .text          0x00000000        0x0 ./Sources/uart.o
 .data          0x00000000        0x0 ./Sources/uart.o
 .bss           0x00000000        0x0 ./Sources/uart.o
 .data.readyToTransmit
                0x00000000        0x1 ./Sources/uart.o
 .text.transmitByte
                0x00000000       0x38 ./Sources/uart.o
 .text.isReadyToTransmit
                0x00000000       0x14 ./Sources/uart.o
 .text.isReceived
                0x00000000       0x14 ./Sources/uart.o
 .text.getReceived
                0x00000000       0x20 ./Sources/uart.o
 .text          0x00000000        0x0 ./Sources/systick.o
 .data          0x00000000        0x0 ./Sources/systick.o
 .bss           0x00000000        0x0 ./Sources/systick.o
 .text          0x00000000        0x0 ./Sources/sa_mtb.o
 .data          0x00000000        0x0 ./Sources/sa_mtb.o
 .bss           0x00000000        0x0 ./Sources/sa_mtb.o
 .debug_info    0x00000000       0x21 ./Sources/sa_mtb.o
 .debug_abbrev  0x00000000       0x12 ./Sources/sa_mtb.o
 .debug_aranges
                0x00000000       0x18 ./Sources/sa_mtb.o
 .debug_macinfo
                0x00000000     0x24d8 ./Sources/sa_mtb.o
 .debug_line    0x00000000       0xaa ./Sources/sa_mtb.o
 .debug_str     0x00000000       0x9c ./Sources/sa_mtb.o
 .comment       0x00000000       0x7a ./Sources/sa_mtb.o
 .ARM.attributes
                0x00000000       0x31 ./Sources/sa_mtb.o
 .text          0x00000000        0x0 ./Sources/mcg.o
 .data          0x00000000        0x0 ./Sources/mcg.o
 .bss           0x00000000        0x0 ./Sources/mcg.o
 .text.pll_init
                0x00000000      0x548 ./Sources/mcg.o
 .text.new_pll_freq
                0x00000000      0x30c ./Sources/mcg.o
 .text.pee_pbe  0x00000000       0xb0 ./Sources/mcg.o
 .text.pbe_pee  0x00000000      0x144 ./Sources/mcg.o
 .text.pbe_fbe  0x00000000       0xb4 ./Sources/mcg.o
 .text.fbe_pbe  0x00000000      0x220 ./Sources/mcg.o
 .text.pbe_blpe
                0x00000000       0x68 ./Sources/mcg.o
 .text.blpe_pbe
                0x00000000      0x1ec ./Sources/mcg.o
 .text.blpe_fbe
                0x00000000       0xb8 ./Sources/mcg.o
 .text.fbe_blpe
                0x00000000       0x68 ./Sources/mcg.o
 .text.fbe_fei  0x00000000      0x168 ./Sources/mcg.o
 .text.fei_fbe  0x00000000      0x31c ./Sources/mcg.o
 .text.fbe_fee  0x00000000      0x138 ./Sources/mcg.o
 .text.fee_fbe  0x00000000       0xb0 ./Sources/mcg.o
 .text.fbe_fbi  0x00000000      0x278 ./Sources/mcg.o
 .text.fbi_fbe  0x00000000      0x32c ./Sources/mcg.o
 .text.fbi_blpi
                0x00000000       0xa0 ./Sources/mcg.o
 .text.blpi_fbi
                0x00000000       0xa0 ./Sources/mcg.o
 .text.fbi_fee  0x00000000      0x384 ./Sources/mcg.o
 .text.fee_fbi  0x00000000      0x244 ./Sources/mcg.o
 .text.fbi_fei  0x00000000      0x164 ./Sources/mcg.o
 .text.fei_fbi  0x00000000      0x210 ./Sources/mcg.o
 .text.fei_fee  0x00000000      0x2fc ./Sources/mcg.o
 .text.fee_fei  0x00000000       0xe8 ./Sources/mcg.o
 .text.atc      0x00000000      0x2ac ./Sources/mcg.o
 .text.fll_freq
                0x00000000      0x1dc ./Sources/mcg.o
 .text.what_mcg_mode
                0x00000000      0x1d4 ./Sources/mcg.o
 .text.clk_monitor_0
                0x00000000       0x40 ./Sources/mcg.o
 .text.chk_for_resistor
                0x00000000      0x128 ./Sources/mcg.o
 .debug_info    0x00000000      0xf84 ./Sources/mcg.o
 .debug_abbrev  0x00000000      0x18d ./Sources/mcg.o
 .debug_loc     0x00000000      0x64c ./Sources/mcg.o
 .debug_aranges
                0x00000000      0x100 ./Sources/mcg.o
 .debug_macinfo
                0x00000000    0x26606 ./Sources/mcg.o
 .debug_line    0x00000000      0x9d1 ./Sources/mcg.o
 .debug_str     0x00000000      0x501 ./Sources/mcg.o
 .comment       0x00000000       0x7a ./Sources/mcg.o
 .ARM.attributes
                0x00000000       0x31 ./Sources/mcg.o
 .debug_frame   0x00000000      0x3ac ./Sources/mcg.o
 COMMON         0x00000000        0x2 ./Sources/mcg.o
 .text          0x00000000        0x0 ./Sources/main.o
 .data          0x00000000        0x0 ./Sources/main.o
 .bss           0x00000000        0x0 ./Sources/main.o
 .text          0x00000000        0x0 ./Sources/gpio.o
 .data          0x00000000        0x0 ./Sources/gpio.o
 .bss           0x00000000        0x0 ./Sources/gpio.o
 .text          0x00000000        0x0 ./Sources/clock.o
 .data          0x00000000        0x0 ./Sources/clock.o
 .bss           0x00000000        0x0 ./Sources/clock.o
 .text          0x00000000        0x0 ./Sources/adc.o
 .data          0x00000000        0x0 ./Sources/adc.o
 .bss           0x00000000        0x0 ./Sources/adc.o
 .text          0x00000000        0x0 ./Sources/TFC_functions.o
 .data          0x00000000        0x0 ./Sources/TFC_functions.o
 .bss           0x00000000        0x0 ./Sources/TFC_functions.o
 .text.button_check
                0x00000000        0x8 ./Sources/TFC_functions.o
 .debug_info    0x00000000       0x36 ./Sources/TFC_functions.o
 .debug_abbrev  0x00000000       0x25 ./Sources/TFC_functions.o
 .debug_loc     0x00000000       0x2c ./Sources/TFC_functions.o
 .debug_aranges
                0x00000000       0x20 ./Sources/TFC_functions.o
 .debug_macinfo
                0x00000000     0x2516 ./Sources/TFC_functions.o
 .debug_line    0x00000000      0x121 ./Sources/TFC_functions.o
 .debug_str     0x00000000       0xb0 ./Sources/TFC_functions.o
 .comment       0x00000000       0x7a ./Sources/TFC_functions.o
 .ARM.attributes
                0x00000000       0x31 ./Sources/TFC_functions.o
 .debug_frame   0x00000000       0x2c ./Sources/TFC_functions.o
 .text          0x00000000        0x0 C:/Freescale/CW MCU v11.0/MCU/ARM_GCC_Support/ewl/lib/armv6-m\libc.a(sprintf.o)
 .data          0x00000000        0x0 C:/Freescale/CW MCU v11.0/MCU/ARM_GCC_Support/ewl/lib/armv6-m\libc.a(sprintf.o)
 .bss           0x00000000        0x0 C:/Freescale/CW MCU v11.0/MCU/ARM_GCC_Support/ewl/lib/armv6-m\libc.a(sprintf.o)
 .text          0x00000000        0x0 C:/Freescale/CW MCU v11.0/MCU/ARM_GCC_Support/ewl/lib/armv6-m\libc.a(exit.o)
 .data          0x00000000        0x0 C:/Freescale/CW MCU v11.0/MCU/ARM_GCC_Support/ewl/lib/armv6-m\libc.a(exit.o)
 .bss           0x00000000        0x0 C:/Freescale/CW MCU v11.0/MCU/ARM_GCC_Support/ewl/lib/armv6-m\libc.a(exit.o)
 .text          0x00000000        0x0 C:/Freescale/CW MCU v11.0/MCU/ARM_GCC_Support/ewl/lib/armv6-m\libc.a(memset.o)
 .data          0x00000000        0x0 C:/Freescale/CW MCU v11.0/MCU/ARM_GCC_Support/ewl/lib/armv6-m\libc.a(memset.o)
 .bss           0x00000000        0x0 C:/Freescale/CW MCU v11.0/MCU/ARM_GCC_Support/ewl/lib/armv6-m\libc.a(memset.o)
 .text          0x00000000        0x0 C:/Freescale/CW MCU v11.0/MCU/ARM_GCC_Support/ewl/lib/armv6-m\libc.a(__filll_mem.o)
 .data          0x00000000        0x0 C:/Freescale/CW MCU v11.0/MCU/ARM_GCC_Support/ewl/lib/armv6-m\libc.a(__filll_mem.o)
 .bss           0x00000000        0x0 C:/Freescale/CW MCU v11.0/MCU/ARM_GCC_Support/ewl/lib/armv6-m\libc.a(__filll_mem.o)
 .text          0x00000000        0x0 C:/Freescale/CW MCU v11.0/MCU/ARM_GCC_Support/ewl/lib/armv6-m\libc.a(printformat_.o)
 .data          0x00000000        0x0 C:/Freescale/CW MCU v11.0/MCU/ARM_GCC_Support/ewl/lib/armv6-m\libc.a(printformat_.o)
 .bss           0x00000000        0x0 C:/Freescale/CW MCU v11.0/MCU/ARM_GCC_Support/ewl/lib/armv6-m\libc.a(printformat_.o)
 .text          0x00000000        0x0 C:/Freescale/CW MCU v11.0/MCU/ARM_GCC_Support/ewl/lib/armv6-m\libc.a(scanformat_.o)
 .data          0x00000000        0x0 C:/Freescale/CW MCU v11.0/MCU/ARM_GCC_Support/ewl/lib/armv6-m\libc.a(scanformat_.o)
 .bss           0x00000000        0x0 C:/Freescale/CW MCU v11.0/MCU/ARM_GCC_Support/ewl/lib/armv6-m\libc.a(scanformat_.o)
 .text          0x00000000        0x0 C:/Freescale/CW MCU v11.0/MCU/ARM_GCC_Support/ewl/lib/armv6-m\libc.a(ctype_aeabi.o)
 .data          0x00000000        0x0 C:/Freescale/CW MCU v11.0/MCU/ARM_GCC_Support/ewl/lib/armv6-m\libc.a(ctype_aeabi.o)
 .bss           0x00000000        0x0 C:/Freescale/CW MCU v11.0/MCU/ARM_GCC_Support/ewl/lib/armv6-m\libc.a(ctype_aeabi.o)
 .text.isalnum  0x00000000       0x1c C:/Freescale/CW MCU v11.0/MCU/ARM_GCC_Support/ewl/lib/armv6-m\libc.a(ctype_aeabi.o)
 .text.iscntrl  0x00000000       0x20 C:/Freescale/CW MCU v11.0/MCU/ARM_GCC_Support/ewl/lib/armv6-m\libc.a(ctype_aeabi.o)
 .text.isdigit  0x00000000        0xe C:/Freescale/CW MCU v11.0/MCU/ARM_GCC_Support/ewl/lib/armv6-m\libc.a(ctype_aeabi.o)
 .text.isgraph  0x00000000       0x1c C:/Freescale/CW MCU v11.0/MCU/ARM_GCC_Support/ewl/lib/armv6-m\libc.a(ctype_aeabi.o)
 .text.islower  0x00000000       0x20 C:/Freescale/CW MCU v11.0/MCU/ARM_GCC_Support/ewl/lib/armv6-m\libc.a(ctype_aeabi.o)
 .text.isprint  0x00000000       0x1c C:/Freescale/CW MCU v11.0/MCU/ARM_GCC_Support/ewl/lib/armv6-m\libc.a(ctype_aeabi.o)
 .text.ispunct  0x00000000       0x20 C:/Freescale/CW MCU v11.0/MCU/ARM_GCC_Support/ewl/lib/armv6-m\libc.a(ctype_aeabi.o)
 .text.isupper  0x00000000       0x20 C:/Freescale/CW MCU v11.0/MCU/ARM_GCC_Support/ewl/lib/armv6-m\libc.a(ctype_aeabi.o)
 .text.isxdigit
                0x00000000       0x20 C:/Freescale/CW MCU v11.0/MCU/ARM_GCC_Support/ewl/lib/armv6-m\libc.a(ctype_aeabi.o)
 .text.isblank  0x00000000       0x28 C:/Freescale/CW MCU v11.0/MCU/ARM_GCC_Support/ewl/lib/armv6-m\libc.a(ctype_aeabi.o)
 .text.tolower  0x00000000        0xe C:/Freescale/CW MCU v11.0/MCU/ARM_GCC_Support/ewl/lib/armv6-m\libc.a(ctype_aeabi.o)
 .text          0x00000000        0x0 C:/Freescale/CW MCU v11.0/MCU/ARM_GCC_Support/ewl/lib/armv6-m\libc.a(vsnprintf.o)
 .data          0x00000000        0x0 C:/Freescale/CW MCU v11.0/MCU/ARM_GCC_Support/ewl/lib/armv6-m\libc.a(vsnprintf.o)
 .bss           0x00000000        0x0 C:/Freescale/CW MCU v11.0/MCU/ARM_GCC_Support/ewl/lib/armv6-m\libc.a(vsnprintf.o)
 .text          0x00000000        0x0 C:/Freescale/CW MCU v11.0/MCU/ARM_GCC_Support/ewl/lib/armv6-m\libc.a(__strtoul.o)
 .data          0x00000000        0x0 C:/Freescale/CW MCU v11.0/MCU/ARM_GCC_Support/ewl/lib/armv6-m\libc.a(__strtoul.o)
 .bss           0x00000000        0x0 C:/Freescale/CW MCU v11.0/MCU/ARM_GCC_Support/ewl/lib/armv6-m\libc.a(__strtoul.o)
 .text          0x00000000        0x0 C:/Freescale/CW MCU v11.0/MCU/ARM_GCC_Support/ewl/lib/armv6-m\libc.a(strchr.o)
 .data          0x00000000        0x0 C:/Freescale/CW MCU v11.0/MCU/ARM_GCC_Support/ewl/lib/armv6-m\libc.a(strchr.o)
 .bss           0x00000000        0x0 C:/Freescale/CW MCU v11.0/MCU/ARM_GCC_Support/ewl/lib/armv6-m\libc.a(strchr.o)
 .text          0x00000000        0x0 C:/Freescale/CW MCU v11.0/MCU/ARM_GCC_Support/ewl/lib/armv6-m\libc.a(memcpy.o)
 .data          0x00000000        0x0 C:/Freescale/CW MCU v11.0/MCU/ARM_GCC_Support/ewl/lib/armv6-m\libc.a(memcpy.o)
 .bss           0x00000000        0x0 C:/Freescale/CW MCU v11.0/MCU/ARM_GCC_Support/ewl/lib/armv6-m\libc.a(memcpy.o)
 .text          0x00000000        0x0 C:/Freescale/CW MCU v11.0/MCU/ARM_GCC_Support/ewl/lib/armv6-m\libc.a(strlen.o)
 .data          0x00000000        0x0 C:/Freescale/CW MCU v11.0/MCU/ARM_GCC_Support/ewl/lib/armv6-m\libc.a(strlen.o)
 .bss           0x00000000        0x0 C:/Freescale/CW MCU v11.0/MCU/ARM_GCC_Support/ewl/lib/armv6-m\libc.a(strlen.o)
 .text          0x00000000        0x0 C:/Freescale/CW MCU v11.0/MCU/ARM_GCC_Support/ewl/lib/armv6-m\libc.a(memchr.o)
 .data          0x00000000        0x0 C:/Freescale/CW MCU v11.0/MCU/ARM_GCC_Support/ewl/lib/armv6-m\libc.a(memchr.o)
 .bss           0x00000000        0x0 C:/Freescale/CW MCU v11.0/MCU/ARM_GCC_Support/ewl/lib/armv6-m\libc.a(memchr.o)
 .data          0x00000000        0x0 c:/freescale/cw mcu v11.0/cross_tools/arm-none-eabi-gcc-4_7_3/bin/../lib/gcc/arm-none-eabi/4.7.3/armv6-m\libgcc.a(_thumb1_case_sqi.o)
 .bss           0x00000000        0x0 c:/freescale/cw mcu v11.0/cross_tools/arm-none-eabi-gcc-4_7_3/bin/../lib/gcc/arm-none-eabi/4.7.3/armv6-m\libgcc.a(_thumb1_case_sqi.o)
 .data          0x00000000        0x0 c:/freescale/cw mcu v11.0/cross_tools/arm-none-eabi-gcc-4_7_3/bin/../lib/gcc/arm-none-eabi/4.7.3/armv6-m\libgcc.a(_thumb1_case_uqi.o)
 .bss           0x00000000        0x0 c:/freescale/cw mcu v11.0/cross_tools/arm-none-eabi-gcc-4_7_3/bin/../lib/gcc/arm-none-eabi/4.7.3/armv6-m\libgcc.a(_thumb1_case_uqi.o)
 .data          0x00000000        0x0 c:/freescale/cw mcu v11.0/cross_tools/arm-none-eabi-gcc-4_7_3/bin/../lib/gcc/arm-none-eabi/4.7.3/armv6-m\libgcc.a(_udivsi3.o)
 .bss           0x00000000        0x0 c:/freescale/cw mcu v11.0/cross_tools/arm-none-eabi-gcc-4_7_3/bin/../lib/gcc/arm-none-eabi/4.7.3/armv6-m\libgcc.a(_udivsi3.o)
 .text          0x00000000       0xc0 c:/freescale/cw mcu v11.0/cross_tools/arm-none-eabi-gcc-4_7_3/bin/../lib/gcc/arm-none-eabi/4.7.3/armv6-m\libgcc.a(_divsi3.o)
 .data          0x00000000        0x0 c:/freescale/cw mcu v11.0/cross_tools/arm-none-eabi-gcc-4_7_3/bin/../lib/gcc/arm-none-eabi/4.7.3/armv6-m\libgcc.a(_divsi3.o)
 .bss           0x00000000        0x0 c:/freescale/cw mcu v11.0/cross_tools/arm-none-eabi-gcc-4_7_3/bin/../lib/gcc/arm-none-eabi/4.7.3/armv6-m\libgcc.a(_divsi3.o)
 .debug_frame   0x00000000       0x20 c:/freescale/cw mcu v11.0/cross_tools/arm-none-eabi-gcc-4_7_3/bin/../lib/gcc/arm-none-eabi/4.7.3/armv6-m\libgcc.a(_divsi3.o)
 .ARM.attributes
                0x00000000       0x1e c:/freescale/cw mcu v11.0/cross_tools/arm-none-eabi-gcc-4_7_3/bin/../lib/gcc/arm-none-eabi/4.7.3/armv6-m\libgcc.a(_divsi3.o)
 .data          0x00000000        0x0 c:/freescale/cw mcu v11.0/cross_tools/arm-none-eabi-gcc-4_7_3/bin/../lib/gcc/arm-none-eabi/4.7.3/armv6-m\libgcc.a(_dvmd_tls.o)
 .bss           0x00000000        0x0 c:/freescale/cw mcu v11.0/cross_tools/arm-none-eabi-gcc-4_7_3/bin/../lib/gcc/arm-none-eabi/4.7.3/armv6-m\libgcc.a(_dvmd_tls.o)
 .text          0x00000000       0x30 c:/freescale/cw mcu v11.0/cross_tools/arm-none-eabi-gcc-4_7_3/bin/../lib/gcc/arm-none-eabi/4.7.3/armv6-m\libgcc.a(_fixunssfsi.o)
 .data          0x00000000        0x0 c:/freescale/cw mcu v11.0/cross_tools/arm-none-eabi-gcc-4_7_3/bin/../lib/gcc/arm-none-eabi/4.7.3/armv6-m\libgcc.a(_fixunssfsi.o)
 .bss           0x00000000        0x0 c:/freescale/cw mcu v11.0/cross_tools/arm-none-eabi-gcc-4_7_3/bin/../lib/gcc/arm-none-eabi/4.7.3/armv6-m\libgcc.a(_fixunssfsi.o)
 .ARM.attributes
                0x00000000       0x2c c:/freescale/cw mcu v11.0/cross_tools/arm-none-eabi-gcc-4_7_3/bin/../lib/gcc/arm-none-eabi/4.7.3/armv6-m\libgcc.a(_fixunssfsi.o)
 .debug_frame   0x00000000       0x28 c:/freescale/cw mcu v11.0/cross_tools/arm-none-eabi-gcc-4_7_3/bin/../lib/gcc/arm-none-eabi/4.7.3/armv6-m\libgcc.a(_fixunssfsi.o)
 .text          0x00000000      0x274 c:/freescale/cw mcu v11.0/cross_tools/arm-none-eabi-gcc-4_7_3/bin/../lib/gcc/arm-none-eabi/4.7.3/armv6-m\libgcc.a(divsf3.o)
 .data          0x00000000        0x0 c:/freescale/cw mcu v11.0/cross_tools/arm-none-eabi-gcc-4_7_3/bin/../lib/gcc/arm-none-eabi/4.7.3/armv6-m\libgcc.a(divsf3.o)
 .bss           0x00000000        0x0 c:/freescale/cw mcu v11.0/cross_tools/arm-none-eabi-gcc-4_7_3/bin/../lib/gcc/arm-none-eabi/4.7.3/armv6-m\libgcc.a(divsf3.o)
 .rodata        0x00000000       0x40 c:/freescale/cw mcu v11.0/cross_tools/arm-none-eabi-gcc-4_7_3/bin/../lib/gcc/arm-none-eabi/4.7.3/armv6-m\libgcc.a(divsf3.o)
 .ARM.attributes
                0x00000000       0x2c c:/freescale/cw mcu v11.0/cross_tools/arm-none-eabi-gcc-4_7_3/bin/../lib/gcc/arm-none-eabi/4.7.3/armv6-m\libgcc.a(divsf3.o)
 .debug_frame   0x00000000       0x3c c:/freescale/cw mcu v11.0/cross_tools/arm-none-eabi-gcc-4_7_3/bin/../lib/gcc/arm-none-eabi/4.7.3/armv6-m\libgcc.a(divsf3.o)
 .text          0x00000000      0x260 c:/freescale/cw mcu v11.0/cross_tools/arm-none-eabi-gcc-4_7_3/bin/../lib/gcc/arm-none-eabi/4.7.3/armv6-m\libgcc.a(mulsf3.o)
 .data          0x00000000        0x0 c:/freescale/cw mcu v11.0/cross_tools/arm-none-eabi-gcc-4_7_3/bin/../lib/gcc/arm-none-eabi/4.7.3/armv6-m\libgcc.a(mulsf3.o)
 .bss           0x00000000        0x0 c:/freescale/cw mcu v11.0/cross_tools/arm-none-eabi-gcc-4_7_3/bin/../lib/gcc/arm-none-eabi/4.7.3/armv6-m\libgcc.a(mulsf3.o)
 .rodata        0x00000000       0x40 c:/freescale/cw mcu v11.0/cross_tools/arm-none-eabi-gcc-4_7_3/bin/../lib/gcc/arm-none-eabi/4.7.3/armv6-m\libgcc.a(mulsf3.o)
 .ARM.attributes
                0x00000000       0x2c c:/freescale/cw mcu v11.0/cross_tools/arm-none-eabi-gcc-4_7_3/bin/../lib/gcc/arm-none-eabi/4.7.3/armv6-m\libgcc.a(mulsf3.o)
 .debug_frame   0x00000000       0x3c c:/freescale/cw mcu v11.0/cross_tools/arm-none-eabi-gcc-4_7_3/bin/../lib/gcc/arm-none-eabi/4.7.3/armv6-m\libgcc.a(mulsf3.o)
 .text          0x00000000      0x3ac c:/freescale/cw mcu v11.0/cross_tools/arm-none-eabi-gcc-4_7_3/bin/../lib/gcc/arm-none-eabi/4.7.3/armv6-m\libgcc.a(subsf3.o)
 .data          0x00000000        0x0 c:/freescale/cw mcu v11.0/cross_tools/arm-none-eabi-gcc-4_7_3/bin/../lib/gcc/arm-none-eabi/4.7.3/armv6-m\libgcc.a(subsf3.o)
 .bss           0x00000000        0x0 c:/freescale/cw mcu v11.0/cross_tools/arm-none-eabi-gcc-4_7_3/bin/../lib/gcc/arm-none-eabi/4.7.3/armv6-m\libgcc.a(subsf3.o)
 .ARM.attributes
                0x00000000       0x2c c:/freescale/cw mcu v11.0/cross_tools/arm-none-eabi-gcc-4_7_3/bin/../lib/gcc/arm-none-eabi/4.7.3/armv6-m\libgcc.a(subsf3.o)
 .debug_frame   0x00000000       0x30 c:/freescale/cw mcu v11.0/cross_tools/arm-none-eabi-gcc-4_7_3/bin/../lib/gcc/arm-none-eabi/4.7.3/armv6-m\libgcc.a(subsf3.o)
 .text          0x00000000       0x40 c:/freescale/cw mcu v11.0/cross_tools/arm-none-eabi-gcc-4_7_3/bin/../lib/gcc/arm-none-eabi/4.7.3/armv6-m\libgcc.a(fixsfsi.o)
 .data          0x00000000        0x0 c:/freescale/cw mcu v11.0/cross_tools/arm-none-eabi-gcc-4_7_3/bin/../lib/gcc/arm-none-eabi/4.7.3/armv6-m\libgcc.a(fixsfsi.o)
 .bss           0x00000000        0x0 c:/freescale/cw mcu v11.0/cross_tools/arm-none-eabi-gcc-4_7_3/bin/../lib/gcc/arm-none-eabi/4.7.3/armv6-m\libgcc.a(fixsfsi.o)
 .ARM.attributes
                0x00000000       0x2c c:/freescale/cw mcu v11.0/cross_tools/arm-none-eabi-gcc-4_7_3/bin/../lib/gcc/arm-none-eabi/4.7.3/armv6-m\libgcc.a(fixsfsi.o)
 .debug_frame   0x00000000       0x28 c:/freescale/cw mcu v11.0/cross_tools/arm-none-eabi-gcc-4_7_3/bin/../lib/gcc/arm-none-eabi/4.7.3/armv6-m\libgcc.a(fixsfsi.o)
 .text          0x00000000       0xa8 c:/freescale/cw mcu v11.0/cross_tools/arm-none-eabi-gcc-4_7_3/bin/../lib/gcc/arm-none-eabi/4.7.3/armv6-m\libgcc.a(floatsisf.o)
 .data          0x00000000        0x0 c:/freescale/cw mcu v11.0/cross_tools/arm-none-eabi-gcc-4_7_3/bin/../lib/gcc/arm-none-eabi/4.7.3/armv6-m\libgcc.a(floatsisf.o)
 .bss           0x00000000        0x0 c:/freescale/cw mcu v11.0/cross_tools/arm-none-eabi-gcc-4_7_3/bin/../lib/gcc/arm-none-eabi/4.7.3/armv6-m\libgcc.a(floatsisf.o)
 .ARM.attributes
                0x00000000       0x2c c:/freescale/cw mcu v11.0/cross_tools/arm-none-eabi-gcc-4_7_3/bin/../lib/gcc/arm-none-eabi/4.7.3/armv6-m\libgcc.a(floatsisf.o)
 .debug_frame   0x00000000       0x2c c:/freescale/cw mcu v11.0/cross_tools/arm-none-eabi-gcc-4_7_3/bin/../lib/gcc/arm-none-eabi/4.7.3/armv6-m\libgcc.a(floatsisf.o)
 .text          0x00000000       0x74 c:/freescale/cw mcu v11.0/cross_tools/arm-none-eabi-gcc-4_7_3/bin/../lib/gcc/arm-none-eabi/4.7.3/armv6-m\libgcc.a(_arm_cmpsf2.o)
 .data          0x00000000        0x0 c:/freescale/cw mcu v11.0/cross_tools/arm-none-eabi-gcc-4_7_3/bin/../lib/gcc/arm-none-eabi/4.7.3/armv6-m\libgcc.a(_arm_cmpsf2.o)
 .bss           0x00000000        0x0 c:/freescale/cw mcu v11.0/cross_tools/arm-none-eabi-gcc-4_7_3/bin/../lib/gcc/arm-none-eabi/4.7.3/armv6-m\libgcc.a(_arm_cmpsf2.o)
 .ARM.attributes
                0x00000000       0x1e c:/freescale/cw mcu v11.0/cross_tools/arm-none-eabi-gcc-4_7_3/bin/../lib/gcc/arm-none-eabi/4.7.3/armv6-m\libgcc.a(_arm_cmpsf2.o)
 .text          0x00000000       0x3c c:/freescale/cw mcu v11.0/cross_tools/arm-none-eabi-gcc-4_7_3/bin/../lib/gcc/arm-none-eabi/4.7.3/armv6-m\libgcc.a(_clzsi2.o)
 .data          0x00000000        0x0 c:/freescale/cw mcu v11.0/cross_tools/arm-none-eabi-gcc-4_7_3/bin/../lib/gcc/arm-none-eabi/4.7.3/armv6-m\libgcc.a(_clzsi2.o)
 .bss           0x00000000        0x0 c:/freescale/cw mcu v11.0/cross_tools/arm-none-eabi-gcc-4_7_3/bin/../lib/gcc/arm-none-eabi/4.7.3/armv6-m\libgcc.a(_clzsi2.o)
 .ARM.attributes
                0x00000000       0x1e c:/freescale/cw mcu v11.0/cross_tools/arm-none-eabi-gcc-4_7_3/bin/../lib/gcc/arm-none-eabi/4.7.3/armv6-m\libgcc.a(_clzsi2.o)
 .text          0x00000000       0x50 c:/freescale/cw mcu v11.0/cross_tools/arm-none-eabi-gcc-4_7_3/bin/../lib/gcc/arm-none-eabi/4.7.3/armv6-m\libgcc.a(eqsf2.o)
 .data          0x00000000        0x0 c:/freescale/cw mcu v11.0/cross_tools/arm-none-eabi-gcc-4_7_3/bin/../lib/gcc/arm-none-eabi/4.7.3/armv6-m\libgcc.a(eqsf2.o)
 .bss           0x00000000        0x0 c:/freescale/cw mcu v11.0/cross_tools/arm-none-eabi-gcc-4_7_3/bin/../lib/gcc/arm-none-eabi/4.7.3/armv6-m\libgcc.a(eqsf2.o)
 .ARM.attributes
                0x00000000       0x2c c:/freescale/cw mcu v11.0/cross_tools/arm-none-eabi-gcc-4_7_3/bin/../lib/gcc/arm-none-eabi/4.7.3/armv6-m\libgcc.a(eqsf2.o)
 .debug_frame   0x00000000       0x2c c:/freescale/cw mcu v11.0/cross_tools/arm-none-eabi-gcc-4_7_3/bin/../lib/gcc/arm-none-eabi/4.7.3/armv6-m\libgcc.a(eqsf2.o)
 .text          0x00000000       0x90 c:/freescale/cw mcu v11.0/cross_tools/arm-none-eabi-gcc-4_7_3/bin/../lib/gcc/arm-none-eabi/4.7.3/armv6-m\libgcc.a(gesf2.o)
 .data          0x00000000        0x0 c:/freescale/cw mcu v11.0/cross_tools/arm-none-eabi-gcc-4_7_3/bin/../lib/gcc/arm-none-eabi/4.7.3/armv6-m\libgcc.a(gesf2.o)
 .bss           0x00000000        0x0 c:/freescale/cw mcu v11.0/cross_tools/arm-none-eabi-gcc-4_7_3/bin/../lib/gcc/arm-none-eabi/4.7.3/armv6-m\libgcc.a(gesf2.o)
 .ARM.attributes
                0x00000000       0x2c c:/freescale/cw mcu v11.0/cross_tools/arm-none-eabi-gcc-4_7_3/bin/../lib/gcc/arm-none-eabi/4.7.3/armv6-m\libgcc.a(gesf2.o)
 .debug_frame   0x00000000       0x30 c:/freescale/cw mcu v11.0/cross_tools/arm-none-eabi-gcc-4_7_3/bin/../lib/gcc/arm-none-eabi/4.7.3/armv6-m\libgcc.a(gesf2.o)
 .text          0x00000000       0x90 c:/freescale/cw mcu v11.0/cross_tools/arm-none-eabi-gcc-4_7_3/bin/../lib/gcc/arm-none-eabi/4.7.3/armv6-m\libgcc.a(lesf2.o)
 .data          0x00000000        0x0 c:/freescale/cw mcu v11.0/cross_tools/arm-none-eabi-gcc-4_7_3/bin/../lib/gcc/arm-none-eabi/4.7.3/armv6-m\libgcc.a(lesf2.o)
 .bss           0x00000000        0x0 c:/freescale/cw mcu v11.0/cross_tools/arm-none-eabi-gcc-4_7_3/bin/../lib/gcc/arm-none-eabi/4.7.3/armv6-m\libgcc.a(lesf2.o)
 .ARM.attributes
                0x00000000       0x2c c:/freescale/cw mcu v11.0/cross_tools/arm-none-eabi-gcc-4_7_3/bin/../lib/gcc/arm-none-eabi/4.7.3/armv6-m\libgcc.a(lesf2.o)
 .debug_frame   0x00000000       0x30 c:/freescale/cw mcu v11.0/cross_tools/arm-none-eabi-gcc-4_7_3/bin/../lib/gcc/arm-none-eabi/4.7.3/armv6-m\libgcc.a(lesf2.o)
 .text          0x00000000        0x0 C:/Freescale/CW MCU v11.0/MCU/ARM_GCC_Support/ewl/lib/armv6-m\librt.a(gcc_ctor_dtor.o)
 .data          0x00000000        0x0 C:/Freescale/CW MCU v11.0/MCU/ARM_GCC_Support/ewl/lib/armv6-m\librt.a(gcc_ctor_dtor.o)
 .bss           0x00000000        0x0 C:/Freescale/CW MCU v11.0/MCU/ARM_GCC_Support/ewl/lib/armv6-m\librt.a(gcc_ctor_dtor.o)
 .bss.__dso_handle
                0x00000000        0x4 C:/Freescale/CW MCU v11.0/MCU/ARM_GCC_Support/ewl/lib/armv6-m\librt.a(gcc_ctor_dtor.o)
 .text          0x00000000        0x0 C:/Freescale/CW MCU v11.0/MCU/ARM_GCC_Support/ewl/lib/armv6-m\librt.a(__arm_eabi_init.o)
 .data          0x00000000        0x0 C:/Freescale/CW MCU v11.0/MCU/ARM_GCC_Support/ewl/lib/armv6-m\librt.a(__arm_eabi_init.o)
 .bss           0x00000000        0x0 C:/Freescale/CW MCU v11.0/MCU/ARM_GCC_Support/ewl/lib/armv6-m\librt.a(__arm_eabi_init.o)
 .text.__register_global_object
                0x00000000       0x14 C:/Freescale/CW MCU v11.0/MCU/ARM_GCC_Support/ewl/lib/armv6-m\librt.a(__arm_eabi_init.o)
 .text.__cxa_atexit
                0x00000000       0x38 C:/Freescale/CW MCU v11.0/MCU/ARM_GCC_Support/ewl/lib/armv6-m\librt.a(__arm_eabi_init.o)
 .text.__aeabi_atexit
                0x00000000        0xe C:/Freescale/CW MCU v11.0/MCU/ARM_GCC_Support/ewl/lib/armv6-m\librt.a(__arm_eabi_init.o)
 .text.__register_atexit
                0x00000000        0xc C:/Freescale/CW MCU v11.0/MCU/ARM_GCC_Support/ewl/lib/armv6-m\librt.a(__arm_eabi_init.o)
 .text.__init_hardware
                0x00000000        0x4 C:/Freescale/CW MCU v11.0/MCU/ARM_GCC_Support/ewl/lib/armv6-m\librt.a(__arm_eabi_init.o)
 .bss.atexit_curr_func
                0x00000000        0x4 C:/Freescale/CW MCU v11.0/MCU/ARM_GCC_Support/ewl/lib/armv6-m\librt.a(__arm_eabi_init.o)
 .bss.atexit_funcs
                0x00000000      0x300 C:/Freescale/CW MCU v11.0/MCU/ARM_GCC_Support/ewl/lib/armv6-m\librt.a(__arm_eabi_init.o)
 .text          0x00000000        0x0 C:/Freescale/CW MCU v11.0/MCU/ARM_GCC_Support/ewl/lib/armv6-m\librt.a(ROMCopy.o)
 .data          0x00000000        0x0 C:/Freescale/CW MCU v11.0/MCU/ARM_GCC_Support/ewl/lib/armv6-m\librt.a(ROMCopy.o)
 .bss           0x00000000        0x0 C:/Freescale/CW MCU v11.0/MCU/ARM_GCC_Support/ewl/lib/armv6-m\librt.a(ROMCopy.o)
 .text.__flush_cache
                0x00000000        0x2 C:/Freescale/CW MCU v11.0/MCU/ARM_GCC_Support/ewl/lib/armv6-m\librt.a(ROMCopy.o)

Memory Configuration

Name             Origin             Length             Attributes
m_interrupts     0x00000000         0x000000c0         xr
m_cfmprotrom     0x00000400         0x00000010         xr
m_text           0x00000800         0x0001f800         xr
m_data           0x1ffff000         0x00004000         xrw
*default*        0x00000000         0xffffffff

Linker script and memory map

LOAD ./Project_Settings/Startup_Code/kinetis_sysinit.o
LOAD ./Project_Settings/Startup_Code/__arm_start.o
LOAD ./Project_Settings/Startup_Code/__arm_end.o
LOAD ./Sources/uart.o
LOAD ./Sources/systick.o
LOAD ./Sources/sa_mtb.o
LOAD ./Sources/mcg.o
LOAD ./Sources/main.o
LOAD ./Sources/gpio.o
LOAD ./Sources/clock.o
LOAD ./Sources/adc.o
LOAD ./Sources/TFC_functions.o
                0x0000117c                __pformatter = __pformatter_
                [0x000015a4]                __sformatter = __sformatter
START GROUP
LOAD C:/Freescale/CW MCU v11.0/MCU/ARM_GCC_Support/ewl/lib/armv6-m\libc.a
LOAD C:/Freescale/CW MCU v11.0/MCU/ARM_GCC_Support/ewl/lib/armv6-m\libm.a
LOAD c:/freescale/cw mcu v11.0/cross_tools/arm-none-eabi-gcc-4_7_3/bin/../lib/gcc/arm-none-eabi/4.7.3/armv6-m\libgcc.a
LOAD C:/Freescale/CW MCU v11.0/MCU/ARM_GCC_Support/ewl/lib/armv6-m\librt.a
LOAD C:/Freescale/CW MCU v11.0/MCU/ARM_GCC_Support/ewl/lib/armv6-m\libuart.a
END GROUP
                0x20003000                _estack = 0x20003000
                0x20003000                __SP_INIT = _estack
                0x00000400                __heap_size = 0x400
                0x00000400                __stack_size = 0x400

.interrupts     0x00000000       0xc0
                0x00000000                __vector_table = .
                0x00000000                . = ALIGN (0x4)
 *(.vectortable)
 .vectortable   0x00000000       0xc0 ./Project_Settings/Startup_Code/kinetis_sysinit.o
                0x00000000                InterruptVector
                0x000000c0                . = ALIGN (0x4)

.cfmprotect     0x00000400        0x0
                0x00000400                . = ALIGN (0x4)
 *(.cfmconfig)
                0x00000400                . = ALIGN (0x4)

.text           0x00000800     0x1964
                0x00000800                . = ALIGN (0x4)
 *(.text)
 .text          0x00000800       0x14 c:/freescale/cw mcu v11.0/cross_tools/arm-none-eabi-gcc-4_7_3/bin/../lib/gcc/arm-none-eabi/4.7.3/armv6-m\libgcc.a(_thumb1_case_sqi.o)
                0x00000800                __gnu_thumb1_case_sqi
 .text          0x00000814       0x14 c:/freescale/cw mcu v11.0/cross_tools/arm-none-eabi-gcc-4_7_3/bin/../lib/gcc/arm-none-eabi/4.7.3/armv6-m\libgcc.a(_thumb1_case_uqi.o)
                0x00000814                __gnu_thumb1_case_uqi
 .text          0x00000828       0x9c c:/freescale/cw mcu v11.0/cross_tools/arm-none-eabi-gcc-4_7_3/bin/../lib/gcc/arm-none-eabi/4.7.3/armv6-m\libgcc.a(_udivsi3.o)
                0x00000828                __aeabi_uidiv
                0x00000828                __udivsi3
                0x000008b0                __aeabi_uidivmod
 .text          0x000008c4        0x4 c:/freescale/cw mcu v11.0/cross_tools/arm-none-eabi-gcc-4_7_3/bin/../lib/gcc/arm-none-eabi/4.7.3/armv6-m\libgcc.a(_dvmd_tls.o)
                0x000008c4                __aeabi_idiv0
                0x000008c4                __aeabi_ldiv0
 *(.text*)
 .text.Default_Handler
                0x000008c8        0xc ./Project_Settings/Startup_Code/kinetis_sysinit.o
                0x000008c8                RTC_Alarm_IRQHandler
                0x000008c8                I2C0_IRQHandler
                0x000008c8                HardFault_Handler
                0x000008c8                PendSV_Handler
                0x000008c8                NMI_Handler
                0x000008c8                I2C1_IRQHandler
                0x000008c8                UART1_IRQHandler
                0x000008c8                DMA2_IRQHandler
                0x000008c8                TSI0_IRQHandler
                0x000008c8                ADC0_IRQHandler
                0x000008c8                SPI1_IRQHandler
                0x000008c8                PORTD_IRQHandler
                0x000008c8                LPTimer_IRQHandler
                0x000008c8                FTM1_IRQHandler
                0x000008c8                RTC_Seconds_IRQHandler
                0x000008c8                MCG_IRQHandler
                0x000008c8                UART2_IRQHandler
                0x000008c8                Default_Handler
                0x000008c8                LLW_IRQHandler
                0x000008c8                PIT_IRQHandler
                0x000008c8                SVC_Handler
                0x000008c8                USBOTG_IRQHandler
                0x000008c8                DMA3_IRQHandler
                0x000008c8                DMA0_IRQHandler
                0x000008c8                DAC0_IRQHandler
                0x000008c8                PMC_IRQHandler
                0x000008c8                SPI0_IRQHandler
                0x000008c8                FTM0_IRQHandler
                0x000008c8                PORTA_IRQHandler
                0x000008c8                MCM_IRQHandler
                0x000008c8                FTFL_IRQHandler
                0x000008c8                FTM2_IRQHandler
                0x000008c8                CMP0_IRQHandler
                0x000008c8                DMA1_IRQHandler
 .text.__init_hardware
                0x000008d4       0x2c ./Project_Settings/Startup_Code/kinetis_sysinit.o
                0x000008d4                __init_hardware
 .text.zero_fill_bss
                0x00000900       0x24 ./Project_Settings/Startup_Code/__arm_start.o
 .text.__thumb_startup
                0x00000924       0x30 ./Project_Settings/Startup_Code/__arm_start.o
                0x00000924                __thumb_startup
 .text._ExitProcess
                0x00000954        0xc ./Project_Settings/Startup_Code/__arm_end.o
                0x00000954                _ExitProcess
 .text.initUARTX
                0x00000960      0x100 ./Sources/uart.o
                0x00000960                initUARTX
 .text.printt   0x00000a60       0x94 ./Sources/uart.o
                0x00000a60                printt
 .text.UART0_IRQHandler
                0x00000af4       0xa4 ./Sources/uart.o
                0x00000af4                UART0_IRQHandler
 .text.SysTick_init
                0x00000b98       0x24 ./Sources/systick.o
                0x00000b98                SysTick_init
 .text.SysTick_Handler
                0x00000bbc       0x20 ./Sources/systick.o
                0x00000bbc                SysTick_Handler
 .text.delay_ms
                0x00000bdc       0x24 ./Sources/systick.o
                0x00000bdc                delay_ms
 .text.main     0x00000c00      0x128 ./Sources/main.o
                0x00000c00                main
 .text.GPIO_init
                0x00000d28       0x70 ./Sources/gpio.o
                0x00000d28                GPIO_init
 .text.InitClock
                0x00000d98       0xf0 ./Sources/clock.o
                0x00000d98                InitClock
 .text.ADC_init
                0x00000e88       0x44 ./Sources/adc.o
                0x00000e88                ADC_init
 .text.ADC_Read
                0x00000ecc       0x34 ./Sources/adc.o
                0x00000ecc                ADC_Read
 .text.sprintf  0x00000f00       0x1a C:/Freescale/CW MCU v11.0/MCU/ARM_GCC_Support/ewl/lib/armv6-m\libc.a(sprintf.o)
                0x00000f00                sprintf
 *fill*         0x00000f1a        0x2 00
 .text.exit     0x00000f1c       0x38 C:/Freescale/CW MCU v11.0/MCU/ARM_GCC_Support/ewl/lib/armv6-m\libc.a(exit.o)
                0x00000f1c                exit
 .text.memset   0x00000f54        0xc C:/Freescale/CW MCU v11.0/MCU/ARM_GCC_Support/ewl/lib/armv6-m\libc.a(memset.o)
                0x00000f54                memset
 .text.__fill_mem
                0x00000f60       0x7e C:/Freescale/CW MCU v11.0/MCU/ARM_GCC_Support/ewl/lib/armv6-m\libc.a(__filll_mem.o)
                0x00000f60                __fill_mem
 *fill*         0x00000fde        0x2 00
 .text.long2str.isra.0
                0x00000fe0      0x19c C:/Freescale/CW MCU v11.0/MCU/ARM_GCC_Support/ewl/lib/armv6-m\libc.a(printformat_.o)
 .text.__pformatter_
                0x0000117c      0x428 C:/Freescale/CW MCU v11.0/MCU/ARM_GCC_Support/ewl/lib/armv6-m\libc.a(printformat_.o)
                0x0000117c                __pformatter_
 .text.__sformatter
                0x000015a4      0x698 C:/Freescale/CW MCU v11.0/MCU/ARM_GCC_Support/ewl/lib/armv6-m\libc.a(scanformat_.o)
                0x000015a4                __sformatter
 .text.isalpha  0x00001c3c       0x20 C:/Freescale/CW MCU v11.0/MCU/ARM_GCC_Support/ewl/lib/armv6-m\libc.a(ctype_aeabi.o)
                0x00001c3c                isalpha
 .text.isspace  0x00001c5c       0x20 C:/Freescale/CW MCU v11.0/MCU/ARM_GCC_Support/ewl/lib/armv6-m\libc.a(ctype_aeabi.o)
                0x00001c5c                isspace
 .text.toupper  0x00001c7c        0xe C:/Freescale/CW MCU v11.0/MCU/ARM_GCC_Support/ewl/lib/armv6-m\libc.a(ctype_aeabi.o)
                0x00001c7c                toupper
 .text.__StringWrite
                0x00001c8a       0x26 C:/Freescale/CW MCU v11.0/MCU/ARM_GCC_Support/ewl/lib/armv6-m\libc.a(vsnprintf.o)
                0x00001c8a                __StringWrite
 .text.vsnprintf
                0x00001cb0       0x38 C:/Freescale/CW MCU v11.0/MCU/ARM_GCC_Support/ewl/lib/armv6-m\libc.a(vsnprintf.o)
                0x00001cb0                vsnprintf
 .text.__strtoul
                0x00001ce8      0x1ce C:/Freescale/CW MCU v11.0/MCU/ARM_GCC_Support/ewl/lib/armv6-m\libc.a(__strtoul.o)
                0x00001ce8                __strtoul
 .text.strchr   0x00001eb6       0x1e C:/Freescale/CW MCU v11.0/MCU/ARM_GCC_Support/ewl/lib/armv6-m\libc.a(strchr.o)
                0x00001eb6                strchr
 .text.memcpy   0x00001ed4       0x12 C:/Freescale/CW MCU v11.0/MCU/ARM_GCC_Support/ewl/lib/armv6-m\libc.a(memcpy.o)
                0x00001ed4                memcpy
 .text.strlen   0x00001ee6       0x10 C:/Freescale/CW MCU v11.0/MCU/ARM_GCC_Support/ewl/lib/armv6-m\libc.a(strlen.o)
                0x00001ee6                strlen
 .text.memchr   0x00001ef6       0x1a C:/Freescale/CW MCU v11.0/MCU/ARM_GCC_Support/ewl/lib/armv6-m\libc.a(memchr.o)
                0x00001ef6                memchr
 .text.__init_cpp
                0x00001f10       0x48 C:/Freescale/CW MCU v11.0/MCU/ARM_GCC_Support/ewl/lib/armv6-m\librt.a(gcc_ctor_dtor.o)
                0x00001f10                __init_cpp
 .text.__fini_cpp
                0x00001f58       0x34 C:/Freescale/CW MCU v11.0/MCU/ARM_GCC_Support/ewl/lib/armv6-m\librt.a(gcc_ctor_dtor.o)
                0x00001f58                __fini_cpp
 .text.__destroy_global_chain
                0x00001f8c       0x1c C:/Freescale/CW MCU v11.0/MCU/ARM_GCC_Support/ewl/lib/armv6-m\librt.a(__arm_eabi_init.o)
                0x00001f8c                __destroy_global_chain
 .text.__init_registers
                0x00001fa8       0x1c C:/Freescale/CW MCU v11.0/MCU/ARM_GCC_Support/ewl/lib/armv6-m\librt.a(__arm_eabi_init.o)
                0x00001fa8                __init_registers
 .text.__init_user
                0x00001fc4        0x4 C:/Freescale/CW MCU v11.0/MCU/ARM_GCC_Support/ewl/lib/armv6-m\librt.a(__arm_eabi_init.o)
                0x00001fc4                __init_user
 .text.__copy_rom_section
                0x00001fc8       0x48 C:/Freescale/CW MCU v11.0/MCU/ARM_GCC_Support/ewl/lib/armv6-m\librt.a(ROMCopy.o)
                0x00001fc8                __copy_rom_section
 .text.__copy_rom_sections_to_ram
                0x00002010       0x34 C:/Freescale/CW MCU v11.0/MCU/ARM_GCC_Support/ewl/lib/armv6-m\librt.a(ROMCopy.o)
                0x00002010                __copy_rom_sections_to_ram
 *(.rodata)
 .rodata        0x00002044       0x14 ./Sources/main.o
 *(.rodata*)
 .rodata.str1.1
                0x00002058        0x1 C:/Freescale/CW MCU v11.0/MCU/ARM_GCC_Support/ewl/lib/armv6-m\libc.a(printformat_.o)
 .rodata.CSWTCH.20
                0x00002059        0x5 C:/Freescale/CW MCU v11.0/MCU/ARM_GCC_Support/ewl/lib/armv6-m\libc.a(printformat_.o)
 .rodata.CSWTCH.21
                0x0000205e        0x5 C:/Freescale/CW MCU v11.0/MCU/ARM_GCC_Support/ewl/lib/armv6-m\libc.a(printformat_.o)
 .rodata.__aeabi_ctype_table_C
                0x00002063      0x101 C:/Freescale/CW MCU v11.0/MCU/ARM_GCC_Support/ewl/lib/armv6-m\libc.a(ctype_aeabi.o)
                0x00002063                __aeabi_ctype_table_C
 *(.glue_7)
 .glue_7        0x00000000        0x0 linker stubs
 *(.glue_7t)
 .glue_7t       0x00000000        0x0 linker stubs
 *(.eh_frame)
 *(.init)
 *(.fini)
                0x00002164                . = ALIGN (0x4)
                0x00002164                _etext = .

.vfp11_veneer   0x00002164        0x0
 .vfp11_veneer  0x00000000        0x0 linker stubs

.v4_bx          0x00002164        0x0
 .v4_bx         0x00000000        0x0 linker stubs

.iplt           0x00002164        0x0
 .iplt          0x00000000        0x0 ./Project_Settings/Startup_Code/kinetis_sysinit.o

.rel.dyn        0x00002164        0x0
 .rel.iplt      0x00000000        0x0 ./Project_Settings/Startup_Code/kinetis_sysinit.o

.ARM.extab
 *(.ARM.extab* .gnu.linkonce.armextab.*)

.ARM            0x00002164        0x0
                0x00002164                __exidx_start = .
 *(.ARM.exidx*)
                0x00002164                __exidx_end = .

.ctors          0x00002164        0x0
                0x00002164                __CTOR_LIST__ = .
 *crtbegin.o(.ctors)
 *(EXCLUDE_FILE(*crtend.o) .ctors)
 *(SORT(.ctors.*))
 *(.ctors)
                0x00002164                __CTOR_END__ = .

.dtors          0x00002164        0x0
                0x00002164                __DTOR_LIST__ = .
 *crtbegin.o(.dtors)
 *(EXCLUDE_FILE(*crtend.o) .dtors)
 *(SORT(.dtors.*))
 *(.dtors)
                0x00002164                __DTOR_END__ = .

.preinit_array  0x00002164        0x0
                0x00002164                PROVIDE (__preinit_array_start, .)
 *(.preinit_array*)
                0x00002164                PROVIDE (__preinit_array_end, .)

.init_array     0x00002164        0x0
                0x00002164                PROVIDE (__init_array_start, .)
 *(SORT(.init_array.*))
 *(.init_array*)
                0x00002164                PROVIDE (__init_array_end, .)

.fini_array     0x00002164        0x0
                0x00002164                PROVIDE (__fini_array_start, .)
 *(SORT(.fini_array.*))
 *(.fini_array*)
                0x00002164                PROVIDE (__fini_array_end, .)
                0x00002164                ___ROM_AT = .

.mtb            0x1ffff000        0x0
                0x1ffff000                . = ALIGN (0x8)
                0x1ffff000                _mtb_start = .
 *(.mtb_buf)
                0x1ffff000                . = ALIGN (0x8)
                0x1ffff000                _mtb_end = .

.data           0x1ffff000        0x0 load address 0x00002164
                0x1ffff000                . = ALIGN (0x4)
                0x1ffff000                _sdata = .
 *(.data)
 *(.data*)
                0x1ffff000                . = ALIGN (0x4)
                0x1ffff000                _edata = .
                0x00000000                ___data_size = (_edata - _sdata)

.igot.plt       0x1ffff000        0x0
 .igot.plt      0x00000000        0x0 ./Project_Settings/Startup_Code/kinetis_sysinit.o
                0x1ffff000                . = ALIGN (0x4)

.bss            0x1ffff000      0x130
                0x1ffff000                __START_BSS = .
                0x1ffff000                PROVIDE (__bss_start__, __START_BSS)
 *(.bss)
 *(.bss*)
 .bss.argv      0x1ffff000        0x4 ./Project_Settings/Startup_Code/__arm_start.o
 .bss.byteReceived
                0x1ffff004        0x1 ./Sources/uart.o
 .bss.flagIsReceived
                0x1ffff005        0x1 ./Sources/uart.o
 *fill*         0x1ffff006        0x2 00
 .bss.bufferTransmit
                0x1ffff008      0x100 ./Sources/uart.o
 .bss.queueHead
                0x1ffff108        0x1 ./Sources/uart.o
 .bss.queueTail
                0x1ffff109        0x1 ./Sources/uart.o
 *fill*         0x1ffff10a        0x2 00
 .bss.DelayTimer
                0x1ffff10c        0x4 ./Sources/systick.o
 .bss.a         0x1ffff110        0x4 ./Sources/main.o
                0x1ffff110                a
 .bss.b         0x1ffff114        0x4 ./Sources/main.o
                0x1ffff114                b
 .bss.__stdio_exit
                0x1ffff118        0x4 C:/Freescale/CW MCU v11.0/MCU/ARM_GCC_Support/ewl/lib/armv6-m\libc.a(exit.o)
                0x1ffff118                __stdio_exit
 .bss.__console_exit
                0x1ffff11c        0x4 C:/Freescale/CW MCU v11.0/MCU/ARM_GCC_Support/ewl/lib/armv6-m\libc.a(exit.o)
                0x1ffff11c                __console_exit
 .bss.__global_destructor_chain
                0x1ffff120        0x4 C:/Freescale/CW MCU v11.0/MCU/ARM_GCC_Support/ewl/lib/armv6-m\librt.a(__arm_eabi_init.o)
                0x1ffff120                __global_destructor_chain
 .bss.__S_romp  0x1ffff124        0xc C:/Freescale/CW MCU v11.0/MCU/ARM_GCC_Support/ewl/lib/armv6-m\librt.a(ROMCopy.o)
 *(COMMON)
                0x1ffff130                . = ALIGN (0x4)
                0x1ffff130                __END_BSS = .
                0x1ffff130                PROVIDE (__bss_end__, __END_BSS)
                0x00002164                _romp_at = (___ROM_AT + SIZEOF (.data))

.romp           0x1ffff130       0x18 load address 0x00002164
                0x00002164                __S_romp = _romp_at
                0x1ffff130        0x4 LONG 0x2164 ___ROM_AT
                0x1ffff134        0x4 LONG 0x1ffff000 _sdata
                0x1ffff138        0x4 LONG 0x0 ___data_size
                0x1ffff13c        0x4 LONG 0x0
                0x1ffff140        0x4 LONG 0x0
                0x1ffff144        0x4 LONG 0x0

._user_heap_stack
                0x1ffff148      0x800 load address 0x0000217c
                0x1ffff148                . = ALIGN (0x4)
                0x1ffff148                PROVIDE (end, .)
                0x1ffff148                PROVIDE (_end, .)
                0x1ffff148                __heap_addr = .
                0x1ffff548                . = (. + __heap_size)
 *fill*         0x1ffff148      0x400 00
                0x1ffff948                . = (. + __stack_size)
 *fill*         0x1ffff548      0x400 00
                0x1ffff948                . = ALIGN (0x4)

.ARM.attributes
                0x00000000       0x31
 *(.ARM.attributes)
 .ARM.attributes
                0x00000000       0x31 ./Project_Settings/Startup_Code/kinetis_sysinit.o
 .ARM.attributes
                0x00000031       0x31 ./Project_Settings/Startup_Code/__arm_start.o
 .ARM.attributes
                0x00000062       0x31 ./Project_Settings/Startup_Code/__arm_end.o
 .ARM.attributes
                0x00000093       0x31 ./Sources/uart.o
 .ARM.attributes
                0x000000c4       0x31 ./Sources/systick.o
 .ARM.attributes
                0x000000f5       0x31 ./Sources/main.o
 .ARM.attributes
                0x00000126       0x31 ./Sources/gpio.o
 .ARM.attributes
                0x00000157       0x31 ./Sources/clock.o
 .ARM.attributes
                0x00000188       0x31 ./Sources/adc.o
 .ARM.attributes
                0x000001b9       0x31 C:/Freescale/CW MCU v11.0/MCU/ARM_GCC_Support/ewl/lib/armv6-m\libc.a(sprintf.o)
 .ARM.attributes
                0x000001ea       0x31 C:/Freescale/CW MCU v11.0/MCU/ARM_GCC_Support/ewl/lib/armv6-m\libc.a(exit.o)
 .ARM.attributes
                0x0000021b       0x31 C:/Freescale/CW MCU v11.0/MCU/ARM_GCC_Support/ewl/lib/armv6-m\libc.a(memset.o)
 .ARM.attributes
                0x0000024c       0x31 C:/Freescale/CW MCU v11.0/MCU/ARM_GCC_Support/ewl/lib/armv6-m\libc.a(__filll_mem.o)
 .ARM.attributes
                0x0000027d       0x31 C:/Freescale/CW MCU v11.0/MCU/ARM_GCC_Support/ewl/lib/armv6-m\libc.a(printformat_.o)
 .ARM.attributes
                0x000002ae       0x31 C:/Freescale/CW MCU v11.0/MCU/ARM_GCC_Support/ewl/lib/armv6-m\libc.a(scanformat_.o)
 .ARM.attributes
                0x000002df       0x31 C:/Freescale/CW MCU v11.0/MCU/ARM_GCC_Support/ewl/lib/armv6-m\libc.a(ctype_aeabi.o)
 .ARM.attributes
                0x00000310       0x31 C:/Freescale/CW MCU v11.0/MCU/ARM_GCC_Support/ewl/lib/armv6-m\libc.a(vsnprintf.o)
 .ARM.attributes
                0x00000341       0x31 C:/Freescale/CW MCU v11.0/MCU/ARM_GCC_Support/ewl/lib/armv6-m\libc.a(__strtoul.o)
 .ARM.attributes
                0x00000372       0x31 C:/Freescale/CW MCU v11.0/MCU/ARM_GCC_Support/ewl/lib/armv6-m\libc.a(strchr.o)
 .ARM.attributes
                0x000003a3       0x31 C:/Freescale/CW MCU v11.0/MCU/ARM_GCC_Support/ewl/lib/armv6-m\libc.a(memcpy.o)
 .ARM.attributes
                0x000003d4       0x31 C:/Freescale/CW MCU v11.0/MCU/ARM_GCC_Support/ewl/lib/armv6-m\libc.a(strlen.o)
 .ARM.attributes
                0x00000405       0x31 C:/Freescale/CW MCU v11.0/MCU/ARM_GCC_Support/ewl/lib/armv6-m\libc.a(memchr.o)
 .ARM.attributes
                0x00000436       0x1e c:/freescale/cw mcu v11.0/cross_tools/arm-none-eabi-gcc-4_7_3/bin/../lib/gcc/arm-none-eabi/4.7.3/armv6-m\libgcc.a(_thumb1_case_sqi.o)
 .ARM.attributes
                0x00000454       0x1e c:/freescale/cw mcu v11.0/cross_tools/arm-none-eabi-gcc-4_7_3/bin/../lib/gcc/arm-none-eabi/4.7.3/armv6-m\libgcc.a(_thumb1_case_uqi.o)
 .ARM.attributes
                0x00000472       0x1e c:/freescale/cw mcu v11.0/cross_tools/arm-none-eabi-gcc-4_7_3/bin/../lib/gcc/arm-none-eabi/4.7.3/armv6-m\libgcc.a(_udivsi3.o)
 .ARM.attributes
                0x00000490       0x1e c:/freescale/cw mcu v11.0/cross_tools/arm-none-eabi-gcc-4_7_3/bin/../lib/gcc/arm-none-eabi/4.7.3/armv6-m\libgcc.a(_dvmd_tls.o)
 .ARM.attributes
                0x000004ae       0x31 C:/Freescale/CW MCU v11.0/MCU/ARM_GCC_Support/ewl/lib/armv6-m\librt.a(gcc_ctor_dtor.o)
 .ARM.attributes
                0x000004df       0x31 C:/Freescale/CW MCU v11.0/MCU/ARM_GCC_Support/ewl/lib/armv6-m\librt.a(__arm_eabi_init.o)
 .ARM.attributes
                0x00000510       0x31 C:/Freescale/CW MCU v11.0/MCU/ARM_GCC_Support/ewl/lib/armv6-m\librt.a(ROMCopy.o)
OUTPUT(Test.elf elf32-littlearm)

.debug_info     0x00000000     0x390a
 .debug_info    0x00000000      0x447 ./Project_Settings/Startup_Code/kinetis_sysinit.o
 .debug_info    0x00000447      0x12a ./Project_Settings/Startup_Code/__arm_start.o
 .debug_info    0x00000571       0x54 ./Project_Settings/Startup_Code/__arm_end.o
 .debug_info    0x000005c5      0x772 ./Sources/uart.o
 .debug_info    0x00000d37      0x141 ./Sources/systick.o
 .debug_info    0x00000e78      0x166 ./Sources/main.o
 .debug_info    0x00000fde      0x3c9 ./Sources/gpio.o
 .debug_info    0x000013a7      0x1a1 ./Sources/clock.o
 .debug_info    0x00001548      0x487 ./Sources/adc.o
 .debug_info    0x000019cf      0x11e C:/Freescale/CW MCU v11.0/MCU/ARM_GCC_Support/ewl/lib/armv6-m\libc.a(sprintf.o)
 .debug_info    0x00001aed       0xe8 C:/Freescale/CW MCU v11.0/MCU/ARM_GCC_Support/ewl/lib/armv6-m\libc.a(exit.o)
 .debug_info    0x00001bd5       0xec C:/Freescale/CW MCU v11.0/MCU/ARM_GCC_Support/ewl/lib/armv6-m\libc.a(memset.o)
 .debug_info    0x00001cc1      0x137 C:/Freescale/CW MCU v11.0/MCU/ARM_GCC_Support/ewl/lib/armv6-m\libc.a(__filll_mem.o)
 .debug_info    0x00001df8      0x50d C:/Freescale/CW MCU v11.0/MCU/ARM_GCC_Support/ewl/lib/armv6-m\libc.a(printformat_.o)
 .debug_info    0x00002305      0x568 C:/Freescale/CW MCU v11.0/MCU/ARM_GCC_Support/ewl/lib/armv6-m\libc.a(scanformat_.o)
 .debug_info    0x0000286d      0x313 C:/Freescale/CW MCU v11.0/MCU/ARM_GCC_Support/ewl/lib/armv6-m\libc.a(ctype_aeabi.o)
 .debug_info    0x00002b80      0x205 C:/Freescale/CW MCU v11.0/MCU/ARM_GCC_Support/ewl/lib/armv6-m\libc.a(vsnprintf.o)
 .debug_info    0x00002d85      0x1d6 C:/Freescale/CW MCU v11.0/MCU/ARM_GCC_Support/ewl/lib/armv6-m\libc.a(__strtoul.o)
 .debug_info    0x00002f5b      0x10b C:/Freescale/CW MCU v11.0/MCU/ARM_GCC_Support/ewl/lib/armv6-m\libc.a(strchr.o)
 .debug_info    0x00003066      0x10f C:/Freescale/CW MCU v11.0/MCU/ARM_GCC_Support/ewl/lib/armv6-m\libc.a(memcpy.o)
 .debug_info    0x00003175       0xea C:/Freescale/CW MCU v11.0/MCU/ARM_GCC_Support/ewl/lib/armv6-m\libc.a(strlen.o)
 .debug_info    0x0000325f      0x121 C:/Freescale/CW MCU v11.0/MCU/ARM_GCC_Support/ewl/lib/armv6-m\libc.a(memchr.o)
 .debug_info    0x00003380      0x136 C:/Freescale/CW MCU v11.0/MCU/ARM_GCC_Support/ewl/lib/armv6-m\librt.a(gcc_ctor_dtor.o)
 .debug_info    0x000034b6      0x2b9 C:/Freescale/CW MCU v11.0/MCU/ARM_GCC_Support/ewl/lib/armv6-m\librt.a(__arm_eabi_init.o)
 .debug_info    0x0000376f      0x19b C:/Freescale/CW MCU v11.0/MCU/ARM_GCC_Support/ewl/lib/armv6-m\librt.a(ROMCopy.o)

.debug_abbrev   0x00000000     0x14b4
 .debug_abbrev  0x00000000       0xe7 ./Project_Settings/Startup_Code/kinetis_sysinit.o
 .debug_abbrev  0x000000e7       0x92 ./Project_Settings/Startup_Code/__arm_start.o
 .debug_abbrev  0x00000179       0x4c ./Project_Settings/Startup_Code/__arm_end.o
 .debug_abbrev  0x000001c5      0x133 ./Sources/uart.o
 .debug_abbrev  0x000002f8       0xc7 ./Sources/systick.o
 .debug_abbrev  0x000003bf       0xc4 ./Sources/main.o
 .debug_abbrev  0x00000483       0xbc ./Sources/gpio.o
 .debug_abbrev  0x0000053f       0xa6 ./Sources/clock.o
 .debug_abbrev  0x000005e5      0x100 ./Sources/adc.o
 .debug_abbrev  0x000006e5       0xb1 C:/Freescale/CW MCU v11.0/MCU/ARM_GCC_Support/ewl/lib/armv6-m\libc.a(sprintf.o)
 .debug_abbrev  0x00000796       0x7a C:/Freescale/CW MCU v11.0/MCU/ARM_GCC_Support/ewl/lib/armv6-m\libc.a(exit.o)
 .debug_abbrev  0x00000810       0x62 C:/Freescale/CW MCU v11.0/MCU/ARM_GCC_Support/ewl/lib/armv6-m\libc.a(memset.o)
 .debug_abbrev  0x00000872       0x78 C:/Freescale/CW MCU v11.0/MCU/ARM_GCC_Support/ewl/lib/armv6-m\libc.a(__filll_mem.o)
 .debug_abbrev  0x000008ea      0x200 C:/Freescale/CW MCU v11.0/MCU/ARM_GCC_Support/ewl/lib/armv6-m\libc.a(printformat_.o)
 .debug_abbrev  0x00000aea      0x1f0 C:/Freescale/CW MCU v11.0/MCU/ARM_GCC_Support/ewl/lib/armv6-m\libc.a(scanformat_.o)
 .debug_abbrev  0x00000cda       0x9e C:/Freescale/CW MCU v11.0/MCU/ARM_GCC_Support/ewl/lib/armv6-m\libc.a(ctype_aeabi.o)
 .debug_abbrev  0x00000d78       0xf0 C:/Freescale/CW MCU v11.0/MCU/ARM_GCC_Support/ewl/lib/armv6-m\libc.a(vsnprintf.o)
 .debug_abbrev  0x00000e68       0xc2 C:/Freescale/CW MCU v11.0/MCU/ARM_GCC_Support/ewl/lib/armv6-m\libc.a(__strtoul.o)
 .debug_abbrev  0x00000f2a       0x7a C:/Freescale/CW MCU v11.0/MCU/ARM_GCC_Support/ewl/lib/armv6-m\libc.a(strchr.o)
 .debug_abbrev  0x00000fa4       0x95 C:/Freescale/CW MCU v11.0/MCU/ARM_GCC_Support/ewl/lib/armv6-m\libc.a(memcpy.o)
 .debug_abbrev  0x00001039       0x7a C:/Freescale/CW MCU v11.0/MCU/ARM_GCC_Support/ewl/lib/armv6-m\libc.a(strlen.o)
 .debug_abbrev  0x000010b3       0x95 C:/Freescale/CW MCU v11.0/MCU/ARM_GCC_Support/ewl/lib/armv6-m\libc.a(memchr.o)
 .debug_abbrev  0x00001148       0x99 C:/Freescale/CW MCU v11.0/MCU/ARM_GCC_Support/ewl/lib/armv6-m\librt.a(gcc_ctor_dtor.o)
 .debug_abbrev  0x000011e1      0x1b3 C:/Freescale/CW MCU v11.0/MCU/ARM_GCC_Support/ewl/lib/armv6-m\librt.a(__arm_eabi_init.o)
 .debug_abbrev  0x00001394      0x120 C:/Freescale/CW MCU v11.0/MCU/ARM_GCC_Support/ewl/lib/armv6-m\librt.a(ROMCopy.o)

.debug_loc      0x00000000     0x2bbb
 .debug_loc     0x00000000       0x58 ./Project_Settings/Startup_Code/kinetis_sysinit.o
 .debug_loc     0x00000058       0x2c ./Project_Settings/Startup_Code/__arm_start.o
 .debug_loc     0x00000084       0x38 ./Project_Settings/Startup_Code/__arm_end.o
 .debug_loc     0x000000bc      0x14c ./Sources/uart.o
 .debug_loc     0x00000208       0x90 ./Sources/systick.o
 .debug_loc     0x00000298       0x38 ./Sources/main.o
 .debug_loc     0x000002d0       0x2c ./Sources/gpio.o
 .debug_loc     0x000002fc       0x2c ./Sources/clock.o
 .debug_loc     0x00000328       0x64 ./Sources/adc.o
 .debug_loc     0x0000038c       0x3f C:/Freescale/CW MCU v11.0/MCU/ARM_GCC_Support/ewl/lib/armv6-m\libc.a(sprintf.o)
 .debug_loc     0x000003cb       0x3e C:/Freescale/CW MCU v11.0/MCU/ARM_GCC_Support/ewl/lib/armv6-m\libc.a(exit.o)
 .debug_loc     0x00000409       0x6f C:/Freescale/CW MCU v11.0/MCU/ARM_GCC_Support/ewl/lib/armv6-m\libc.a(memset.o)
 .debug_loc     0x00000478      0x14a C:/Freescale/CW MCU v11.0/MCU/ARM_GCC_Support/ewl/lib/armv6-m\libc.a(__filll_mem.o)
 .debug_loc     0x000005c2     0x104b C:/Freescale/CW MCU v11.0/MCU/ARM_GCC_Support/ewl/lib/armv6-m\libc.a(printformat_.o)
 .debug_loc     0x0000160d      0x9d8 C:/Freescale/CW MCU v11.0/MCU/ARM_GCC_Support/ewl/lib/armv6-m\libc.a(scanformat_.o)
 .debug_loc     0x00001fe5      0x30d C:/Freescale/CW MCU v11.0/MCU/ARM_GCC_Support/ewl/lib/armv6-m\libc.a(ctype_aeabi.o)
 .debug_loc     0x000022f2      0x105 C:/Freescale/CW MCU v11.0/MCU/ARM_GCC_Support/ewl/lib/armv6-m\libc.a(vsnprintf.o)
 .debug_loc     0x000023f7      0x305 C:/Freescale/CW MCU v11.0/MCU/ARM_GCC_Support/ewl/lib/armv6-m\libc.a(__strtoul.o)
 .debug_loc     0x000026fc       0xaf C:/Freescale/CW MCU v11.0/MCU/ARM_GCC_Support/ewl/lib/armv6-m\libc.a(strchr.o)
 .debug_loc     0x000027ab       0x59 C:/Freescale/CW MCU v11.0/MCU/ARM_GCC_Support/ewl/lib/armv6-m\libc.a(memcpy.o)
 .debug_loc     0x00002804       0x33 C:/Freescale/CW MCU v11.0/MCU/ARM_GCC_Support/ewl/lib/armv6-m\libc.a(strlen.o)
 .debug_loc     0x00002837       0x77 C:/Freescale/CW MCU v11.0/MCU/ARM_GCC_Support/ewl/lib/armv6-m\libc.a(memchr.o)
 .debug_loc     0x000028ae       0x9d C:/Freescale/CW MCU v11.0/MCU/ARM_GCC_Support/ewl/lib/armv6-m\librt.a(gcc_ctor_dtor.o)
 .debug_loc     0x0000294b      0x197 C:/Freescale/CW MCU v11.0/MCU/ARM_GCC_Support/ewl/lib/armv6-m\librt.a(__arm_eabi_init.o)
 .debug_loc     0x00002ae2       0xd9 C:/Freescale/CW MCU v11.0/MCU/ARM_GCC_Support/ewl/lib/armv6-m\librt.a(ROMCopy.o)

.debug_aranges  0x00000000      0x448
 .debug_aranges
                0x00000000       0x28 ./Project_Settings/Startup_Code/kinetis_sysinit.o
 .debug_aranges
                0x00000028       0x30 ./Project_Settings/Startup_Code/__arm_start.o
 .debug_aranges
                0x00000058       0x20 ./Project_Settings/Startup_Code/__arm_end.o
 .debug_aranges
                0x00000078       0x50 ./Sources/uart.o
 .debug_aranges
                0x000000c8       0x30 ./Sources/systick.o
 .debug_aranges
                0x000000f8       0x20 ./Sources/main.o
 .debug_aranges
                0x00000118       0x20 ./Sources/gpio.o
 .debug_aranges
                0x00000138       0x20 ./Sources/clock.o
 .debug_aranges
                0x00000158       0x28 ./Sources/adc.o
 .debug_aranges
                0x00000180       0x20 C:/Freescale/CW MCU v11.0/MCU/ARM_GCC_Support/ewl/lib/armv6-m\libc.a(sprintf.o)
 .debug_aranges
                0x000001a0       0x20 C:/Freescale/CW MCU v11.0/MCU/ARM_GCC_Support/ewl/lib/armv6-m\libc.a(exit.o)
 .debug_aranges
                0x000001c0       0x20 C:/Freescale/CW MCU v11.0/MCU/ARM_GCC_Support/ewl/lib/armv6-m\libc.a(memset.o)
 .debug_aranges
                0x000001e0       0x20 C:/Freescale/CW MCU v11.0/MCU/ARM_GCC_Support/ewl/lib/armv6-m\libc.a(__filll_mem.o)
 .debug_aranges
                0x00000200       0x28 C:/Freescale/CW MCU v11.0/MCU/ARM_GCC_Support/ewl/lib/armv6-m\libc.a(printformat_.o)
 .debug_aranges
                0x00000228       0x20 C:/Freescale/CW MCU v11.0/MCU/ARM_GCC_Support/ewl/lib/armv6-m\libc.a(scanformat_.o)
 .debug_aranges
                0x00000248       0x88 C:/Freescale/CW MCU v11.0/MCU/ARM_GCC_Support/ewl/lib/armv6-m\libc.a(ctype_aeabi.o)
 .debug_aranges
                0x000002d0       0x28 C:/Freescale/CW MCU v11.0/MCU/ARM_GCC_Support/ewl/lib/armv6-m\libc.a(vsnprintf.o)
 .debug_aranges
                0x000002f8       0x20 C:/Freescale/CW MCU v11.0/MCU/ARM_GCC_Support/ewl/lib/armv6-m\libc.a(__strtoul.o)
 .debug_aranges
                0x00000318       0x20 C:/Freescale/CW MCU v11.0/MCU/ARM_GCC_Support/ewl/lib/armv6-m\libc.a(strchr.o)
 .debug_aranges
                0x00000338       0x20 C:/Freescale/CW MCU v11.0/MCU/ARM_GCC_Support/ewl/lib/armv6-m\libc.a(memcpy.o)
 .debug_aranges
                0x00000358       0x20 C:/Freescale/CW MCU v11.0/MCU/ARM_GCC_Support/ewl/lib/armv6-m\libc.a(strlen.o)
 .debug_aranges
                0x00000378       0x20 C:/Freescale/CW MCU v11.0/MCU/ARM_GCC_Support/ewl/lib/armv6-m\libc.a(memchr.o)
 .debug_aranges
                0x00000398       0x28 C:/Freescale/CW MCU v11.0/MCU/ARM_GCC_Support/ewl/lib/armv6-m\librt.a(gcc_ctor_dtor.o)
 .debug_aranges
                0x000003c0       0x58 C:/Freescale/CW MCU v11.0/MCU/ARM_GCC_Support/ewl/lib/armv6-m\librt.a(__arm_eabi_init.o)
 .debug_aranges
                0x00000418       0x30 C:/Freescale/CW MCU v11.0/MCU/ARM_GCC_Support/ewl/lib/armv6-m\librt.a(ROMCopy.o)

.debug_macinfo  0x00000000   0x11422a
 .debug_macinfo
                0x00000000    0x264f0 ./Project_Settings/Startup_Code/kinetis_sysinit.o
 .debug_macinfo
                0x000264f0     0x3e6d ./Project_Settings/Startup_Code/__arm_start.o
 .debug_macinfo
                0x0002a35d     0x3456 ./Project_Settings/Startup_Code/__arm_end.o
 .debug_macinfo
                0x0002d7b3    0x2663a ./Sources/uart.o
 .debug_macinfo
                0x00053ded    0x26502 ./Sources/systick.o
 .debug_macinfo
                0x0007a2ef    0x26e2d ./Sources/main.o
 .debug_macinfo
                0x000a111c    0x2676e ./Sources/gpio.o
 .debug_macinfo
                0x000c788a    0x264dc ./Sources/clock.o
 .debug_macinfo
                0x000edd66    0x264c4 ./Sources/adc.o

.debug_line     0x00000000     0x255b
 .debug_line    0x00000000      0x21d ./Project_Settings/Startup_Code/kinetis_sysinit.o
 .debug_line    0x0000021d      0x2a0 ./Project_Settings/Startup_Code/__arm_start.o
 .debug_line    0x000004bd      0x265 ./Project_Settings/Startup_Code/__arm_end.o
 .debug_line    0x00000722      0x29c ./Sources/uart.o
 .debug_line    0x000009be      0x243 ./Sources/systick.o
 .debug_line    0x00000c01      0x30b ./Sources/main.o
 .debug_line    0x00000f0c      0x1e6 ./Sources/gpio.o
 .debug_line    0x000010f2      0x22c ./Sources/clock.o
 .debug_line    0x0000131e      0x1fa ./Sources/adc.o
 .debug_line    0x00001518       0x93 C:/Freescale/CW MCU v11.0/MCU/ARM_GCC_Support/ewl/lib/armv6-m\libc.a(sprintf.o)
 .debug_line    0x000015ab       0x8d C:/Freescale/CW MCU v11.0/MCU/ARM_GCC_Support/ewl/lib/armv6-m\libc.a(exit.o)
 .debug_line    0x00001638       0x90 C:/Freescale/CW MCU v11.0/MCU/ARM_GCC_Support/ewl/lib/armv6-m\libc.a(memset.o)
 .debug_line    0x000016c8       0xf6 C:/Freescale/CW MCU v11.0/MCU/ARM_GCC_Support/ewl/lib/armv6-m\libc.a(__filll_mem.o)
 .debug_line    0x000017be      0x2c3 C:/Freescale/CW MCU v11.0/MCU/ARM_GCC_Support/ewl/lib/armv6-m\libc.a(printformat_.o)
 .debug_line    0x00001a81      0x2be C:/Freescale/CW MCU v11.0/MCU/ARM_GCC_Support/ewl/lib/armv6-m\libc.a(scanformat_.o)
 .debug_line    0x00001d3f      0x1be C:/Freescale/CW MCU v11.0/MCU/ARM_GCC_Support/ewl/lib/armv6-m\libc.a(ctype_aeabi.o)
 .debug_line    0x00001efd       0xd4 C:/Freescale/CW MCU v11.0/MCU/ARM_GCC_Support/ewl/lib/armv6-m\libc.a(vsnprintf.o)
 .debug_line    0x00001fd1      0x11e C:/Freescale/CW MCU v11.0/MCU/ARM_GCC_Support/ewl/lib/armv6-m\libc.a(__strtoul.o)
 .debug_line    0x000020ef       0x7d C:/Freescale/CW MCU v11.0/MCU/ARM_GCC_Support/ewl/lib/armv6-m\libc.a(strchr.o)
 .debug_line    0x0000216c       0x8b C:/Freescale/CW MCU v11.0/MCU/ARM_GCC_Support/ewl/lib/armv6-m\libc.a(memcpy.o)
 .debug_line    0x000021f7       0x85 C:/Freescale/CW MCU v11.0/MCU/ARM_GCC_Support/ewl/lib/armv6-m\libc.a(strlen.o)
 .debug_line    0x0000227c       0x9f C:/Freescale/CW MCU v11.0/MCU/ARM_GCC_Support/ewl/lib/armv6-m\libc.a(memchr.o)
 .debug_line    0x0000231b       0x6c C:/Freescale/CW MCU v11.0/MCU/ARM_GCC_Support/ewl/lib/armv6-m\librt.a(gcc_ctor_dtor.o)
 .debug_line    0x00002387      0x117 C:/Freescale/CW MCU v11.0/MCU/ARM_GCC_Support/ewl/lib/armv6-m\librt.a(__arm_eabi_init.o)
 .debug_line    0x0000249e       0xbd C:/Freescale/CW MCU v11.0/MCU/ARM_GCC_Support/ewl/lib/armv6-m\librt.a(ROMCopy.o)

.debug_str      0x00000000     0x122c
 .debug_str     0x00000000      0x29e ./Project_Settings/Startup_Code/kinetis_sysinit.o
                                0x2c5 (size before relaxing)
 .debug_str     0x0000029e       0x85 ./Project_Settings/Startup_Code/__arm_start.o
                                0x19f (size before relaxing)
 .debug_str     0x00000323       0x41 ./Project_Settings/Startup_Code/__arm_end.o
                                 0xd6 (size before relaxing)
 .debug_str     0x00000364      0x3da ./Sources/uart.o
                                0x5a8 (size before relaxing)
 .debug_str     0x0000073e       0x75 ./Sources/systick.o
                                0x1bb (size before relaxing)
 .debug_str     0x000007b3       0x55 ./Sources/main.o
                                0x1a0 (size before relaxing)
 .debug_str     0x00000808       0x1c ./Sources/gpio.o
                                0x280 (size before relaxing)
 .debug_str     0x00000824       0x42 ./Sources/clock.o
                                0x190 (size before relaxing)
 .debug_str     0x00000866       0x91 ./Sources/adc.o
                                0x29a (size before relaxing)
 .debug_str     0x000008f7       0x5c C:/Freescale/CW MCU v11.0/MCU/ARM_GCC_Support/ewl/lib/armv6-m\libc.a(sprintf.o)
                                0x163 (size before relaxing)
 .debug_str     0x00000953       0x2e C:/Freescale/CW MCU v11.0/MCU/ARM_GCC_Support/ewl/lib/armv6-m\libc.a(exit.o)
                                0x157 (size before relaxing)
 .debug_str     0x00000981       0x23 C:/Freescale/CW MCU v11.0/MCU/ARM_GCC_Support/ewl/lib/armv6-m\libc.a(memset.o)
                                0x140 (size before relaxing)
 .debug_str     0x000009a4       0x2d C:/Freescale/CW MCU v11.0/MCU/ARM_GCC_Support/ewl/lib/armv6-m\libc.a(__filll_mem.o)
                                0x152 (size before relaxing)
 .debug_str     0x000009d1      0x22d C:/Freescale/CW MCU v11.0/MCU/ARM_GCC_Support/ewl/lib/armv6-m\libc.a(printformat_.o)
                                0x3b3 (size before relaxing)
 .debug_str     0x00000bfe      0x184 C:/Freescale/CW MCU v11.0/MCU/ARM_GCC_Support/ewl/lib/armv6-m\libc.a(scanformat_.o)
                                0x3f9 (size before relaxing)
 .debug_str     0x00000d82       0x9d C:/Freescale/CW MCU v11.0/MCU/ARM_GCC_Support/ewl/lib/armv6-m\libc.a(ctype_aeabi.o)
                                0x1bc (size before relaxing)
 .debug_str     0x00000e1f       0x83 C:/Freescale/CW MCU v11.0/MCU/ARM_GCC_Support/ewl/lib/armv6-m\libc.a(vsnprintf.o)
                                0x1cc (size before relaxing)
 .debug_str     0x00000ea2       0x5b C:/Freescale/CW MCU v11.0/MCU/ARM_GCC_Support/ewl/lib/armv6-m\libc.a(__strtoul.o)
                                0x1fb (size before relaxing)
 .debug_str     0x00000efd       0x1c C:/Freescale/CW MCU v11.0/MCU/ARM_GCC_Support/ewl/lib/armv6-m\libc.a(strchr.o)
                                0x137 (size before relaxing)
 .debug_str     0x00000f19       0x1c C:/Freescale/CW MCU v11.0/MCU/ARM_GCC_Support/ewl/lib/armv6-m\libc.a(memcpy.o)
                                0x138 (size before relaxing)
 .debug_str     0x00000f35       0x1c C:/Freescale/CW MCU v11.0/MCU/ARM_GCC_Support/ewl/lib/armv6-m\libc.a(strlen.o)
                                0x140 (size before relaxing)
 .debug_str     0x00000f51       0x1c C:/Freescale/CW MCU v11.0/MCU/ARM_GCC_Support/ewl/lib/armv6-m\libc.a(memchr.o)
                                0x148 (size before relaxing)
 .debug_str     0x00000f6d      0x126 C:/Freescale/CW MCU v11.0/MCU/ARM_GCC_Support/ewl/lib/armv6-m\librt.a(gcc_ctor_dtor.o)
                                0x181 (size before relaxing)
 .debug_str     0x00001093       0xf8 C:/Freescale/CW MCU v11.0/MCU/ARM_GCC_Support/ewl/lib/armv6-m\librt.a(__arm_eabi_init.o)
                                0x1b5 (size before relaxing)
 .debug_str     0x0000118b       0xa1 C:/Freescale/CW MCU v11.0/MCU/ARM_GCC_Support/ewl/lib/armv6-m\librt.a(ROMCopy.o)
                                0x13c (size before relaxing)

.comment        0x00000000       0x79
 .comment       0x00000000       0x79 ./Project_Settings/Startup_Code/kinetis_sysinit.o
                                 0x7a (size before relaxing)
 .comment       0x00000000       0x7a ./Project_Settings/Startup_Code/__arm_start.o
 .comment       0x00000000       0x7a ./Project_Settings/Startup_Code/__arm_end.o
 .comment       0x00000000       0x7a ./Sources/uart.o
 .comment       0x00000000       0x7a ./Sources/systick.o
 .comment       0x00000000       0x7a ./Sources/main.o
 .comment       0x00000000       0x7a ./Sources/gpio.o
 .comment       0x00000000       0x7a ./Sources/clock.o
 .comment       0x00000000       0x7a ./Sources/adc.o
 .comment       0x00000000       0x7a C:/Freescale/CW MCU v11.0/MCU/ARM_GCC_Support/ewl/lib/armv6-m\libc.a(sprintf.o)
 .comment       0x00000000       0x7a C:/Freescale/CW MCU v11.0/MCU/ARM_GCC_Support/ewl/lib/armv6-m\libc.a(exit.o)
 .comment       0x00000000       0x7a C:/Freescale/CW MCU v11.0/MCU/ARM_GCC_Support/ewl/lib/armv6-m\libc.a(memset.o)
 .comment       0x00000000       0x7a C:/Freescale/CW MCU v11.0/MCU/ARM_GCC_Support/ewl/lib/armv6-m\libc.a(__filll_mem.o)
 .comment       0x00000000       0x7a C:/Freescale/CW MCU v11.0/MCU/ARM_GCC_Support/ewl/lib/armv6-m\libc.a(printformat_.o)
 .comment       0x00000000       0x7a C:/Freescale/CW MCU v11.0/MCU/ARM_GCC_Support/ewl/lib/armv6-m\libc.a(scanformat_.o)
 .comment       0x00000000       0x7a C:/Freescale/CW MCU v11.0/MCU/ARM_GCC_Support/ewl/lib/armv6-m\libc.a(ctype_aeabi.o)
 .comment       0x00000000       0x7a C:/Freescale/CW MCU v11.0/MCU/ARM_GCC_Support/ewl/lib/armv6-m\libc.a(vsnprintf.o)
 .comment       0x00000000       0x7a C:/Freescale/CW MCU v11.0/MCU/ARM_GCC_Support/ewl/lib/armv6-m\libc.a(__strtoul.o)
 .comment       0x00000000       0x7a C:/Freescale/CW MCU v11.0/MCU/ARM_GCC_Support/ewl/lib/armv6-m\libc.a(strchr.o)
 .comment       0x00000000       0x7a C:/Freescale/CW MCU v11.0/MCU/ARM_GCC_Support/ewl/lib/armv6-m\libc.a(memcpy.o)
 .comment       0x00000000       0x7a C:/Freescale/CW MCU v11.0/MCU/ARM_GCC_Support/ewl/lib/armv6-m\libc.a(strlen.o)
 .comment       0x00000000       0x7a C:/Freescale/CW MCU v11.0/MCU/ARM_GCC_Support/ewl/lib/armv6-m\libc.a(memchr.o)
 .comment       0x00000000       0x7a C:/Freescale/CW MCU v11.0/MCU/ARM_GCC_Support/ewl/lib/armv6-m\librt.a(gcc_ctor_dtor.o)
 .comment       0x00000000       0x7a C:/Freescale/CW MCU v11.0/MCU/ARM_GCC_Support/ewl/lib/armv6-m\librt.a(__arm_eabi_init.o)
 .comment       0x00000000       0x7a C:/Freescale/CW MCU v11.0/MCU/ARM_GCC_Support/ewl/lib/armv6-m\librt.a(ROMCopy.o)

.debug_frame    0x00000000      0x7f4
 .debug_frame   0x00000000       0x48 ./Project_Settings/Startup_Code/kinetis_sysinit.o
 .debug_frame   0x00000048       0x4c ./Project_Settings/Startup_Code/__arm_start.o
 .debug_frame   0x00000094       0x30 ./Project_Settings/Startup_Code/__arm_end.o
 .debug_frame   0x000000c4       0xdc ./Sources/uart.o
 .debug_frame   0x000001a0       0x68 ./Sources/systick.o
 .debug_frame   0x00000208       0x30 ./Sources/main.o
 .debug_frame   0x00000238       0x2c ./Sources/gpio.o
 .debug_frame   0x00000264       0x2c ./Sources/clock.o
 .debug_frame   0x00000290       0x4c ./Sources/adc.o
 .debug_frame   0x000002dc       0x2c C:/Freescale/CW MCU v11.0/MCU/ARM_GCC_Support/ewl/lib/armv6-m\libc.a(sprintf.o)
 .debug_frame   0x00000308       0x2c C:/Freescale/CW MCU v11.0/MCU/ARM_GCC_Support/ewl/lib/armv6-m\libc.a(exit.o)
 .debug_frame   0x00000334       0x28 C:/Freescale/CW MCU v11.0/MCU/ARM_GCC_Support/ewl/lib/armv6-m\libc.a(memset.o)
 .debug_frame   0x0000035c       0x2c C:/Freescale/CW MCU v11.0/MCU/ARM_GCC_Support/ewl/lib/armv6-m\libc.a(__filll_mem.o)
 .debug_frame   0x00000388       0x54 C:/Freescale/CW MCU v11.0/MCU/ARM_GCC_Support/ewl/lib/armv6-m\libc.a(printformat_.o)
 .debug_frame   0x000003dc       0x34 C:/Freescale/CW MCU v11.0/MCU/ARM_GCC_Support/ewl/lib/armv6-m\libc.a(scanformat_.o)
 .debug_frame   0x00000410      0x158 C:/Freescale/CW MCU v11.0/MCU/ARM_GCC_Support/ewl/lib/armv6-m\libc.a(ctype_aeabi.o)
 .debug_frame   0x00000568       0x4c C:/Freescale/CW MCU v11.0/MCU/ARM_GCC_Support/ewl/lib/armv6-m\libc.a(vsnprintf.o)
 .debug_frame   0x000005b4       0x30 C:/Freescale/CW MCU v11.0/MCU/ARM_GCC_Support/ewl/lib/armv6-m\libc.a(__strtoul.o)
 .debug_frame   0x000005e4       0x28 C:/Freescale/CW MCU v11.0/MCU/ARM_GCC_Support/ewl/lib/armv6-m\libc.a(strchr.o)
 .debug_frame   0x0000060c       0x28 C:/Freescale/CW MCU v11.0/MCU/ARM_GCC_Support/ewl/lib/armv6-m\libc.a(memcpy.o)
 .debug_frame   0x00000634       0x28 C:/Freescale/CW MCU v11.0/MCU/ARM_GCC_Support/ewl/lib/armv6-m\libc.a(strlen.o)
 .debug_frame   0x0000065c       0x28 C:/Freescale/CW MCU v11.0/MCU/ARM_GCC_Support/ewl/lib/armv6-m\libc.a(memchr.o)
 .debug_frame   0x00000684       0x20 c:/freescale/cw mcu v11.0/cross_tools/arm-none-eabi-gcc-4_7_3/bin/../lib/gcc/arm-none-eabi/4.7.3/armv6-m\libgcc.a(_udivsi3.o)
 .debug_frame   0x000006a4       0x40 C:/Freescale/CW MCU v11.0/MCU/ARM_GCC_Support/ewl/lib/armv6-m\librt.a(gcc_ctor_dtor.o)
 .debug_frame   0x000006e4       0xbc C:/Freescale/CW MCU v11.0/MCU/ARM_GCC_Support/ewl/lib/armv6-m\librt.a(__arm_eabi_init.o)
 .debug_frame   0x000007a0       0x54 C:/Freescale/CW MCU v11.0/MCU/ARM_GCC_Support/ewl/lib/armv6-m\librt.a(ROMCopy.o)
